2026-06-15 15:37:39 +0000 - dagster - DEBUG - __ASSET_JOB - 722ed5b6-631d-4b7c-9819-2e4d0d1ac35f - 1034 - LOGS_CAPTURED - Started capturing logs in process (pid: 1034).
2026-06-15 15:37:39 +0000 - dagster - DEBUG - __ASSET_JOB - 722ed5b6-631d-4b7c-9819-2e4d0d1ac35f - 1034 - gold__embeddings__gold_embeddings - STEP_START - Started execution of step "gold__embeddings__gold_embeddings".
2026-06-15 15:37:42 +0000 - dagster - INFO - __ASSET_JOB - 722ed5b6-631d-4b7c-9819-2e4d0d1ac35f - gold__embeddings__gold_embeddings - [MinIO] ✅ Đã đọc: s3://yhct-gold/gold/chunks/gold_yhct_chunks.parquet (6686 rows)
2026-06-15 15:37:42 +0000 - dagster - DEBUG - __ASSET_JOB - 722ed5b6-631d-4b7c-9819-2e4d0d1ac35f - 1034 - gold__embeddings__gold_embeddings - LOADED_INPUT - Loaded input "gold_yhct_chunks" using input manager "minio_io_manager", from output "result" of step "gold__chunks__gold_yhct_chunks"
2026-06-15 15:37:42 +0000 - dagster - DEBUG - __ASSET_JOB - 722ed5b6-631d-4b7c-9819-2e4d0d1ac35f - 1034 - gold__embeddings__gold_embeddings - STEP_INPUT - Got input "gold_yhct_chunks" of type "DataFrame". (Type check passed).
2026-06-15 15:37:42 +0000 - dagster - INFO - __ASSET_JOB - 722ed5b6-631d-4b7c-9819-2e4d0d1ac35f - gold__embeddings__gold_embeddings - 📥 Nhận 6686 chunks để embed
2026-06-15 15:37:42 +0000 - dagster - INFO - __ASSET_JOB - 722ed5b6-631d-4b7c-9819-2e4d0d1ac35f - gold__embeddings__gold_embeddings - 🤖 Loading model: keepitreal/vietnamese-sbert ...
2026-06-15 15:37:52 +0000 - dagster - INFO - __ASSET_JOB - 722ed5b6-631d-4b7c-9819-2e4d0d1ac35f - gold__embeddings__gold_embeddings - ✅ Model loaded!
Failed to send telemetry event ClientStartEvent: capture() takes 1 positional argument but 3 were given
2026-06-15 15:37:54 +0000 - dagster - INFO - __ASSET_JOB - 722ed5b6-631d-4b7c-9819-2e4d0d1ac35f - gold__embeddings__gold_embeddings - ✅ Kết nối ChromaDB OK | collection='yhct_chunks'
2026-06-15 15:37:56 +0000 - dagster - INFO - __ASSET_JOB - 722ed5b6-631d-4b7c-9819-2e4d0d1ac35f - gold__embeddings__gold_embeddings - 📊 Đã có 5896 chunks trong ChromaDB
2026-06-15 15:37:57 +0000 - dagster - INFO - __ASSET_JOB - 722ed5b6-631d-4b7c-9819-2e4d0d1ac35f - gold__embeddings__gold_embeddings - 🔄 Cần embed thêm: 3934 chunks
2026-06-15 15:38:38 +0000 - dagster - INFO - __ASSET_JOB - 722ed5b6-631d-4b7c-9819-2e4d0d1ac35f - gold__embeddings__gold_embeddings -    ✓ 32/3934 chunks embedded
2026-06-15 15:39:17 +0000 - dagster - INFO - __ASSET_JOB - 722ed5b6-631d-4b7c-9819-2e4d0d1ac35f - gold__embeddings__gold_embeddings -    ✓ 64/3934 chunks embedded
2026-06-15 15:39:58 +0000 - dagster - INFO - __ASSET_JOB - 722ed5b6-631d-4b7c-9819-2e4d0d1ac35f - gold__embeddings__gold_embeddings -    ✓ 96/3934 chunks embedded
2026-06-15 15:40:34 +0000 - dagster - INFO - __ASSET_JOB - 722ed5b6-631d-4b7c-9819-2e4d0d1ac35f - gold__embeddings__gold_embeddings -    ✓ 128/3934 chunks embedded
2026-06-15 15:41:09 +0000 - dagster - INFO - __ASSET_JOB - 722ed5b6-631d-4b7c-9819-2e4d0d1ac35f - gold__embeddings__gold_embeddings -    ✓ 160/3934 chunks embedded
2026-06-15 15:41:50 +0000 - dagster - INFO - __ASSET_JOB - 722ed5b6-631d-4b7c-9819-2e4d0d1ac35f - gold__embeddings__gold_embeddings -    ✓ 192/3934 chunks embedded
2026-06-15 15:42:28 +0000 - dagster - INFO - __ASSET_JOB - 722ed5b6-631d-4b7c-9819-2e4d0d1ac35f - gold__embeddings__gold_embeddings -    ✓ 224/3934 chunks embedded
2026-06-15 15:43:09 +0000 - dagster - INFO - __ASSET_JOB - 722ed5b6-631d-4b7c-9819-2e4d0d1ac35f - gold__embeddings__gold_embeddings -    ✓ 256/3934 chunks embedded
2026-06-15 15:43:50 +0000 - dagster - INFO - __ASSET_JOB - 722ed5b6-631d-4b7c-9819-2e4d0d1ac35f - gold__embeddings__gold_embeddings -    ✓ 288/3934 chunks embedded
2026-06-15 15:44:32 +0000 - dagster - INFO - __ASSET_JOB - 722ed5b6-631d-4b7c-9819-2e4d0d1ac35f - gold__embeddings__gold_embeddings -    ✓ 320/3934 chunks embedded
2026-06-15 15:45:10 +0000 - dagster - INFO - __ASSET_JOB - 722ed5b6-631d-4b7c-9819-2e4d0d1ac35f - gold__embeddings__gold_embeddings -    ✓ 352/3934 chunks embedded
2026-06-15 15:45:50 +0000 - dagster - INFO - __ASSET_JOB - 722ed5b6-631d-4b7c-9819-2e4d0d1ac35f - gold__embeddings__gold_embeddings -    ✓ 384/3934 chunks embedded
2026-06-15 15:46:35 +0000 - dagster - INFO - __ASSET_JOB - 722ed5b6-631d-4b7c-9819-2e4d0d1ac35f - gold__embeddings__gold_embeddings -    ✓ 416/3934 chunks embedded
2026-06-15 15:47:15 +0000 - dagster - INFO - __ASSET_JOB - 722ed5b6-631d-4b7c-9819-2e4d0d1ac35f - gold__embeddings__gold_embeddings -    ✓ 448/3934 chunks embedded
2026-06-15 15:47:53 +0000 - dagster - INFO - __ASSET_JOB - 722ed5b6-631d-4b7c-9819-2e4d0d1ac35f - gold__embeddings__gold_embeddings -    ✓ 480/3934 chunks embedded
2026-06-15 15:48:30 +0000 - dagster - INFO - __ASSET_JOB - 722ed5b6-631d-4b7c-9819-2e4d0d1ac35f - gold__embeddings__gold_embeddings -    ✓ 512/3934 chunks embedded
2026-06-15 15:49:05 +0000 - dagster - INFO - __ASSET_JOB - 722ed5b6-631d-4b7c-9819-2e4d0d1ac35f - gold__embeddings__gold_embeddings -    ✓ 544/3934 chunks embedded
2026-06-15 15:49:46 +0000 - dagster - INFO - __ASSET_JOB - 722ed5b6-631d-4b7c-9819-2e4d0d1ac35f - gold__embeddings__gold_embeddings -    ✓ 576/3934 chunks embedded
2026-06-15 15:50:21 +0000 - dagster - INFO - __ASSET_JOB - 722ed5b6-631d-4b7c-9819-2e4d0d1ac35f - gold__embeddings__gold_embeddings -    ✓ 608/3934 chunks embedded
2026-06-15 15:50:52 +0000 - dagster - INFO - __ASSET_JOB - 722ed5b6-631d-4b7c-9819-2e4d0d1ac35f - gold__embeddings__gold_embeddings -    ✓ 640/3934 chunks embedded
2026-06-15 15:51:29 +0000 - dagster - INFO - __ASSET_JOB - 722ed5b6-631d-4b7c-9819-2e4d0d1ac35f - gold__embeddings__gold_embeddings -    ✓ 672/3934 chunks embedded
2026-06-15 15:52:08 +0000 - dagster - INFO - __ASSET_JOB - 722ed5b6-631d-4b7c-9819-2e4d0d1ac35f - gold__embeddings__gold_embeddings -    ✓ 704/3934 chunks embedded
2026-06-15 15:52:50 +0000 - dagster - INFO - __ASSET_JOB - 722ed5b6-631d-4b7c-9819-2e4d0d1ac35f - gold__embeddings__gold_embeddings -    ✓ 736/3934 chunks embedded
2026-06-15 15:53:39 +0000 - dagster - INFO - __ASSET_JOB - 722ed5b6-631d-4b7c-9819-2e4d0d1ac35f - gold__embeddings__gold_embeddings -    ✓ 768/3934 chunks embedded
2026-06-15 15:54:26 +0000 - dagster - INFO - __ASSET_JOB - 722ed5b6-631d-4b7c-9819-2e4d0d1ac35f - gold__embeddings__gold_embeddings -    ✓ 800/3934 chunks embedded
2026-06-15 15:55:22 +0000 - dagster - INFO - __ASSET_JOB - 722ed5b6-631d-4b7c-9819-2e4d0d1ac35f - gold__embeddings__gold_embeddings -    ✓ 832/3934 chunks embedded
2026-06-15 15:56:14 +0000 - dagster - INFO - __ASSET_JOB - 722ed5b6-631d-4b7c-9819-2e4d0d1ac35f - gold__embeddings__gold_embeddings -    ✓ 864/3934 chunks embedded
2026-06-15 15:57:06 +0000 - dagster - INFO - __ASSET_JOB - 722ed5b6-631d-4b7c-9819-2e4d0d1ac35f - gold__embeddings__gold_embeddings -    ✓ 896/3934 chunks embedded
2026-06-15 15:58:02 +0000 - dagster - INFO - __ASSET_JOB - 722ed5b6-631d-4b7c-9819-2e4d0d1ac35f - gold__embeddings__gold_embeddings -    ✓ 928/3934 chunks embedded
2026-06-15 15:58:58 +0000 - dagster - INFO - __ASSET_JOB - 722ed5b6-631d-4b7c-9819-2e4d0d1ac35f - gold__embeddings__gold_embeddings -    ✓ 960/3934 chunks embedded
2026-06-15 16:00:00 +0000 - dagster - INFO - __ASSET_JOB - 722ed5b6-631d-4b7c-9819-2e4d0d1ac35f - gold__embeddings__gold_embeddings -    ✓ 992/3934 chunks embedded
2026-06-15 16:01:17 +0000 - dagster - INFO - __ASSET_JOB - 722ed5b6-631d-4b7c-9819-2e4d0d1ac35f - gold__embeddings__gold_embeddings -    ✓ 1024/3934 chunks embedded
2026-06-15 16:02:06 +0000 - dagster - INFO - __ASSET_JOB - 722ed5b6-631d-4b7c-9819-2e4d0d1ac35f - gold__embeddings__gold_embeddings -    ✓ 1056/3934 chunks embedded
2026-06-15 16:03:07 +0000 - dagster - INFO - __ASSET_JOB - 722ed5b6-631d-4b7c-9819-2e4d0d1ac35f - gold__embeddings__gold_embeddings -    ✓ 1088/3934 chunks embedded
2026-06-15 16:04:12 +0000 - dagster - INFO - __ASSET_JOB - 722ed5b6-631d-4b7c-9819-2e4d0d1ac35f - gold__embeddings__gold_embeddings -    ✓ 1120/3934 chunks embedded
2026-06-15 16:05:14 +0000 - dagster - INFO - __ASSET_JOB - 722ed5b6-631d-4b7c-9819-2e4d0d1ac35f - gold__embeddings__gold_embeddings -    ✓ 1152/3934 chunks embedded
2026-06-15 16:06:07 +0000 - dagster - INFO - __ASSET_JOB - 722ed5b6-631d-4b7c-9819-2e4d0d1ac35f - gold__embeddings__gold_embeddings -    ✓ 1184/3934 chunks embedded
2026-06-15 16:06:57 +0000 - dagster - INFO - __ASSET_JOB - 722ed5b6-631d-4b7c-9819-2e4d0d1ac35f - gold__embeddings__gold_embeddings -    ✓ 1216/3934 chunks embedded
2026-06-15 16:08:02 +0000 - dagster - INFO - __ASSET_JOB - 722ed5b6-631d-4b7c-9819-2e4d0d1ac35f - gold__embeddings__gold_embeddings -    ✓ 1248/3934 chunks embedded
2026-06-15 16:09:06 +0000 - dagster - INFO - __ASSET_JOB - 722ed5b6-631d-4b7c-9819-2e4d0d1ac35f - gold__embeddings__gold_embeddings -    ✓ 1280/3934 chunks embedded
2026-06-15 16:09:57 +0000 - dagster - INFO - __ASSET_JOB - 722ed5b6-631d-4b7c-9819-2e4d0d1ac35f - gold__embeddings__gold_embeddings -    ✓ 1312/3934 chunks embedded
2026-06-15 16:10:49 +0000 - dagster - INFO - __ASSET_JOB - 722ed5b6-631d-4b7c-9819-2e4d0d1ac35f - gold__embeddings__gold_embeddings -    ✓ 1344/3934 chunks embedded
2026-06-15 16:11:24 +0000 - dagster - INFO - __ASSET_JOB - 722ed5b6-631d-4b7c-9819-2e4d0d1ac35f - gold__embeddings__gold_embeddings -    ✓ 1376/3934 chunks embedded
2026-06-15 16:11:58 +0000 - dagster - INFO - __ASSET_JOB - 722ed5b6-631d-4b7c-9819-2e4d0d1ac35f - gold__embeddings__gold_embeddings -    ✓ 1408/3934 chunks embedded
2026-06-15 16:12:27 +0000 - dagster - INFO - __ASSET_JOB - 722ed5b6-631d-4b7c-9819-2e4d0d1ac35f - gold__embeddings__gold_embeddings -    ✓ 1440/3934 chunks embedded
2026-06-15 16:12:55 +0000 - dagster - INFO - __ASSET_JOB - 722ed5b6-631d-4b7c-9819-2e4d0d1ac35f - gold__embeddings__gold_embeddings -    ✓ 1472/3934 chunks embedded
2026-06-15 16:13:26 +0000 - dagster - INFO - __ASSET_JOB - 722ed5b6-631d-4b7c-9819-2e4d0d1ac35f - gold__embeddings__gold_embeddings -    ✓ 1504/3934 chunks embedded
2026-06-15 16:13:54 +0000 - dagster - INFO - __ASSET_JOB - 722ed5b6-631d-4b7c-9819-2e4d0d1ac35f - gold__embeddings__gold_embeddings -    ✓ 1536/3934 chunks embedded
2026-06-15 16:14:24 +0000 - dagster - INFO - __ASSET_JOB - 722ed5b6-631d-4b7c-9819-2e4d0d1ac35f - gold__embeddings__gold_embeddings -    ✓ 1568/3934 chunks embedded
2026-06-15 16:14:56 +0000 - dagster - INFO - __ASSET_JOB - 722ed5b6-631d-4b7c-9819-2e4d0d1ac35f - gold__embeddings__gold_embeddings -    ✓ 1600/3934 chunks embedded
2026-06-15 16:15:26 +0000 - dagster - INFO - __ASSET_JOB - 722ed5b6-631d-4b7c-9819-2e4d0d1ac35f - gold__embeddings__gold_embeddings -    ✓ 1632/3934 chunks embedded
2026-06-15 16:16:03 +0000 - dagster - INFO - __ASSET_JOB - 722ed5b6-631d-4b7c-9819-2e4d0d1ac35f - gold__embeddings__gold_embeddings -    ✓ 1664/3934 chunks embedded
2026-06-15 16:16:43 +0000 - dagster - INFO - __ASSET_JOB - 722ed5b6-631d-4b7c-9819-2e4d0d1ac35f - gold__embeddings__gold_embeddings -    ✓ 1696/3934 chunks embedded
2026-06-15 16:17:20 +0000 - dagster - INFO - __ASSET_JOB - 722ed5b6-631d-4b7c-9819-2e4d0d1ac35f - gold__embeddings__gold_embeddings -    ✓ 1728/3934 chunks embedded
