2026-06-08 15:25:48 +0000 - dagster - DEBUG - __ASSET_JOB - 898295aa-de0c-424c-86b3-da9ea9d49011 - 82 - LOGS_CAPTURED - Started capturing logs in process (pid: 82).
2026-06-08 15:25:48 +0000 - dagster - DEBUG - __ASSET_JOB - 898295aa-de0c-424c-86b3-da9ea9d49011 - 82 - bronze__pdf__bronze_pdf_pages - STEP_START - Started execution of step "bronze__pdf__bronze_pdf_pages".
2026-06-08 15:25:48 +0000 - dagster - INFO - __ASSET_JOB - 898295aa-de0c-424c-86b3-da9ea9d49011 - bronze__pdf__bronze_pdf_pages - 📂 Tìm thấy 5 file PDF:
2026-06-08 15:25:48 +0000 - dagster - INFO - __ASSET_JOB - 898295aa-de0c-424c-86b3-da9ea9d49011 - bronze__pdf__bronze_pdf_pages -    └─ 250-bai-thuoc-dong-y-co-truyen-chon-loc.pdf
2026-06-08 15:25:48 +0000 - dagster - INFO - __ASSET_JOB - 898295aa-de0c-424c-86b3-da9ea9d49011 - bronze__pdf__bronze_pdf_pages -    └─ Cay_Thuoc_Vi_Thuoc_Phong_Va_Chua_Benh_Tieu_Hoa.pdf
2026-06-08 15:25:48 +0000 - dagster - INFO - __ASSET_JOB - 898295aa-de0c-424c-86b3-da9ea9d49011 - bronze__pdf__bronze_pdf_pages -    └─ [Text]3033 CÂY THUỐC ĐÔNG Y (TUỆ TĨNH).pdf
2026-06-08 15:25:48 +0000 - dagster - INFO - __ASSET_JOB - 898295aa-de0c-424c-86b3-da9ea9d49011 - bronze__pdf__bronze_pdf_pages -    └─ [Text]380 Bai Thuoc Dong Y Hieu Nghiem.pdf
2026-06-08 15:25:48 +0000 - dagster - INFO - __ASSET_JOB - 898295aa-de0c-424c-86b3-da9ea9d49011 - bronze__pdf__bronze_pdf_pages -    └─ [Text]benh_hoc_va_dieu_tri_dong_y.pdf
2026-06-08 15:25:48 +0000 - dagster - INFO - __ASSET_JOB - 898295aa-de0c-424c-86b3-da9ea9d49011 - bronze__pdf__bronze_pdf_pages - 📖 Đang xử lý: 250-bai-thuoc-dong-y-co-truyen-chon-loc.pdf ...
2026-06-08 15:25:50 +0000 - dagster - INFO - __ASSET_JOB - 898295aa-de0c-424c-86b3-da9ea9d49011 - bronze__pdf__bronze_pdf_pages -    ✅ 250-bai-thuoc-dong-y-co-truyen-chon-loc.pdf: 877 trang | doc_id=pdf_646b0e28fac6
2026-06-08 15:25:50 +0000 - dagster - INFO - __ASSET_JOB - 898295aa-de0c-424c-86b3-da9ea9d49011 - bronze__pdf__bronze_pdf_pages - 📖 Đang xử lý: Cay_Thuoc_Vi_Thuoc_Phong_Va_Chua_Benh_Tieu_Hoa.pdf ...
2026-06-08 15:25:52 +0000 - dagster - INFO - __ASSET_JOB - 898295aa-de0c-424c-86b3-da9ea9d49011 - bronze__pdf__bronze_pdf_pages -    ✅ Cay_Thuoc_Vi_Thuoc_Phong_Va_Chua_Benh_Tieu_Hoa.pdf: 280 trang | doc_id=pdf_2cf6b8edb0af
2026-06-08 15:25:52 +0000 - dagster - INFO - __ASSET_JOB - 898295aa-de0c-424c-86b3-da9ea9d49011 - bronze__pdf__bronze_pdf_pages - 📖 Đang xử lý: [Text]3033 CÂY THUỐC ĐÔNG Y (TUỆ TĨNH).pdf ...
2026-06-08 15:26:08 +0000 - dagster - INFO - __ASSET_JOB - 898295aa-de0c-424c-86b3-da9ea9d49011 - bronze__pdf__bronze_pdf_pages -    ✅ [Text]3033 CÂY THUỐC ĐÔNG Y (TUỆ TĨNH).pdf: 1361 trang | doc_id=pdf_4900d0196fca
2026-06-08 15:26:08 +0000 - dagster - INFO - __ASSET_JOB - 898295aa-de0c-424c-86b3-da9ea9d49011 - bronze__pdf__bronze_pdf_pages - 📖 Đang xử lý: [Text]380 Bai Thuoc Dong Y Hieu Nghiem.pdf ...
2026-06-08 15:26:10 +0000 - dagster - INFO - __ASSET_JOB - 898295aa-de0c-424c-86b3-da9ea9d49011 - bronze__pdf__bronze_pdf_pages -    ✅ [Text]380 Bai Thuoc Dong Y Hieu Nghiem.pdf: 188 trang | doc_id=pdf_59d467ddde0b
2026-06-08 15:26:10 +0000 - dagster - INFO - __ASSET_JOB - 898295aa-de0c-424c-86b3-da9ea9d49011 - bronze__pdf__bronze_pdf_pages - 📖 Đang xử lý: [Text]benh_hoc_va_dieu_tri_dong_y.pdf ...
2026-06-08 15:26:16 +0000 - dagster - INFO - __ASSET_JOB - 898295aa-de0c-424c-86b3-da9ea9d49011 - bronze__pdf__bronze_pdf_pages -    ✅ [Text]benh_hoc_va_dieu_tri_dong_y.pdf: 259 trang | doc_id=pdf_34c48dacdda4
2026-06-08 15:26:16 +0000 - dagster - INFO - __ASSET_JOB - 898295aa-de0c-424c-86b3-da9ea9d49011 - bronze__pdf__bronze_pdf_pages - 
==================================================
2026-06-08 15:26:16 +0000 - dagster - INFO - __ASSET_JOB - 898295aa-de0c-424c-86b3-da9ea9d49011 - bronze__pdf__bronze_pdf_pages - ✅ TỔNG KẾT BRONZE:
2026-06-08 15:26:16 +0000 - dagster - INFO - __ASSET_JOB - 898295aa-de0c-424c-86b3-da9ea9d49011 - bronze__pdf__bronze_pdf_pages -    Số file PDF: 5
2026-06-08 15:26:16 +0000 - dagster - INFO - __ASSET_JOB - 898295aa-de0c-424c-86b3-da9ea9d49011 - bronze__pdf__bronze_pdf_pages -    Tổng trang:  2965
2026-06-08 15:26:16 +0000 - dagster - INFO - __ASSET_JOB - 898295aa-de0c-424c-86b3-da9ea9d49011 - bronze__pdf__bronze_pdf_pages -    Tổng từ:     1,200,388
2026-06-08 15:26:16 +0000 - dagster - DEBUG - __ASSET_JOB - 898295aa-de0c-424c-86b3-da9ea9d49011 - 82 - bronze__pdf__bronze_pdf_pages - STEP_OUTPUT - Yielded output "result" of type "Any". (Type check passed).
2026-06-08 15:26:16 +0000 - dagster - INFO - __ASSET_JOB - 898295aa-de0c-424c-86b3-da9ea9d49011 - bronze__pdf__bronze_pdf_pages - [MinIO] ✅ Đã lưu: s3://yhct-bronze/bronze/pdf/bronze_pdf_pages.parquet (2965 rows)
2026-06-08 15:26:16 +0000 - dagster - DEBUG - __ASSET_JOB - 898295aa-de0c-424c-86b3-da9ea9d49011 - 82 - bronze__pdf__bronze_pdf_pages - ASSET_MATERIALIZATION - Materialized value bronze pdf bronze_pdf_pages.
2026-06-08 15:26:16 +0000 - dagster - DEBUG - __ASSET_JOB - 898295aa-de0c-424c-86b3-da9ea9d49011 - 82 - bronze__pdf__bronze_pdf_pages - HANDLED_OUTPUT - Handled output "result" using IO manager "minio_io_manager"
2026-06-08 15:26:16 +0000 - dagster - DEBUG - __ASSET_JOB - 898295aa-de0c-424c-86b3-da9ea9d49011 - 82 - bronze__pdf__bronze_pdf_pages - STEP_SUCCESS - Finished execution of step "bronze__pdf__bronze_pdf_pages" in 28.45s.
