2026-06-15 15:22:29 +0000 - dagster - DEBUG - __ASSET_JOB - 80423180-b24b-40ee-8b8a-91c547893729 - 228 - LOGS_CAPTURED - Started capturing logs in process (pid: 228).
2026-06-15 15:22:29 +0000 - dagster - DEBUG - __ASSET_JOB - 80423180-b24b-40ee-8b8a-91c547893729 - 228 - silver__pdf__silver_filtered_pages - STEP_START - Started execution of step "silver__pdf__silver_filtered_pages".
2026-06-15 15:22:29 +0000 - dagster - INFO - __ASSET_JOB - 80423180-b24b-40ee-8b8a-91c547893729 - silver__pdf__silver_filtered_pages - [MinIO] ✅ Đã đọc: s3://yhct-bronze/bronze/pdf/bronze_pdf_pages.parquet (3842 rows)
2026-06-15 15:22:29 +0000 - dagster - DEBUG - __ASSET_JOB - 80423180-b24b-40ee-8b8a-91c547893729 - 228 - silver__pdf__silver_filtered_pages - LOADED_INPUT - Loaded input "bronze_pdf_pages" using input manager "minio_io_manager", from output "result" of step "bronze__pdf__bronze_pdf_pages"
2026-06-15 15:22:29 +0000 - dagster - DEBUG - __ASSET_JOB - 80423180-b24b-40ee-8b8a-91c547893729 - 228 - silver__pdf__silver_filtered_pages - STEP_INPUT - Got input "bronze_pdf_pages" of type "DataFrame". (Type check passed).
2026-06-15 15:22:29 +0000 - dagster - INFO - __ASSET_JOB - 80423180-b24b-40ee-8b8a-91c547893729 - silver__pdf__silver_filtered_pages - 📥 Nhận 3842 trang từ Bronze
2026-06-15 15:22:29 +0000 - dagster - INFO - __ASSET_JOB - 80423180-b24b-40ee-8b8a-91c547893729 - silver__pdf__silver_filtered_pages -    └─ 250-bai-thuoc-dong-y-co-truyen-chon-loc.pdf: 877 trang
2026-06-15 15:22:29 +0000 - dagster - INFO - __ASSET_JOB - 80423180-b24b-40ee-8b8a-91c547893729 - silver__pdf__silver_filtered_pages -    └─ Cay_Thuoc_Vi_Thuoc_Phong_Va_Chua_Benh_Tieu_Hoa.pdf: 280 trang
2026-06-15 15:22:29 +0000 - dagster - INFO - __ASSET_JOB - 80423180-b24b-40ee-8b8a-91c547893729 - silver__pdf__silver_filtered_pages -    └─ [Text]3033 CÂY THUỐC ĐÔNG Y (TUỆ TĨNH).pdf: 1361 trang
2026-06-15 15:22:29 +0000 - dagster - INFO - __ASSET_JOB - 80423180-b24b-40ee-8b8a-91c547893729 - silver__pdf__silver_filtered_pages -    └─ [Text]380 Bai Thuoc Dong Y Hieu Nghiem.pdf: 188 trang
2026-06-15 15:22:29 +0000 - dagster - INFO - __ASSET_JOB - 80423180-b24b-40ee-8b8a-91c547893729 - silver__pdf__silver_filtered_pages -    └─ [Text]benh_hoc_va_dieu_tri_dong_y.pdf: 259 trang
2026-06-15 15:22:29 +0000 - dagster - INFO - __ASSET_JOB - 80423180-b24b-40ee-8b8a-91c547893729 - silver__pdf__silver_filtered_pages -    └─ test_sensor_trigger.pdf: 877 trang
2026-06-15 15:22:30 +0000 - dagster - INFO - __ASSET_JOB - 80423180-b24b-40ee-8b8a-91c547893729 - silver__pdf__silver_filtered_pages - 
==================================================
2026-06-15 15:22:30 +0000 - dagster - INFO - __ASSET_JOB - 80423180-b24b-40ee-8b8a-91c547893729 - silver__pdf__silver_filtered_pages - ✅ TỔNG KẾT SILVER:
2026-06-15 15:22:30 +0000 - dagster - INFO - __ASSET_JOB - 80423180-b24b-40ee-8b8a-91c547893729 - silver__pdf__silver_filtered_pages -    Giữ lại: 2939 trang
2026-06-15 15:22:30 +0000 - dagster - INFO - __ASSET_JOB - 80423180-b24b-40ee-8b8a-91c547893729 - silver__pdf__silver_filtered_pages -    Loại bỏ: 903 trang
2026-06-15 15:22:30 +0000 - dagster - INFO - __ASSET_JOB - 80423180-b24b-40ee-8b8a-91c547893729 - silver__pdf__silver_filtered_pages -    Lý do loại:
2026-06-15 15:22:30 +0000 - dagster - INFO - __ASSET_JOB - 80423180-b24b-40ee-8b8a-91c547893729 - silver__pdf__silver_filtered_pages -       └─ too_short: 881 trang
2026-06-15 15:22:30 +0000 - dagster - INFO - __ASSET_JOB - 80423180-b24b-40ee-8b8a-91c547893729 - silver__pdf__silver_filtered_pages -       └─ no_yhct_keyword: 13 trang
2026-06-15 15:22:30 +0000 - dagster - INFO - __ASSET_JOB - 80423180-b24b-40ee-8b8a-91c547893729 - silver__pdf__silver_filtered_pages -       └─ stopword:tài liệu tham khảo: 7 trang
2026-06-15 15:22:30 +0000 - dagster - INFO - __ASSET_JOB - 80423180-b24b-40ee-8b8a-91c547893729 - silver__pdf__silver_filtered_pages -       └─ stopword:mục lục: 2 trang
2026-06-15 15:22:30 +0000 - dagster - INFO - __ASSET_JOB - 80423180-b24b-40ee-8b8a-91c547893729 - silver__pdf__silver_filtered_pages -    Giữ lại theo file:
2026-06-15 15:22:30 +0000 - dagster - INFO - __ASSET_JOB - 80423180-b24b-40ee-8b8a-91c547893729 - silver__pdf__silver_filtered_pages -       └─ 250-bai-thuoc-dong-y-co-truyen-chon-loc.pdf: 468 trang
2026-06-15 15:22:30 +0000 - dagster - INFO - __ASSET_JOB - 80423180-b24b-40ee-8b8a-91c547893729 - silver__pdf__silver_filtered_pages -       └─ Cay_Thuoc_Vi_Thuoc_Phong_Va_Chua_Benh_Tieu_Hoa.pdf: 273 trang
2026-06-15 15:22:30 +0000 - dagster - INFO - __ASSET_JOB - 80423180-b24b-40ee-8b8a-91c547893729 - silver__pdf__silver_filtered_pages -       └─ [Text]3033 CÂY THUỐC ĐÔNG Y (TUỆ TĨNH).pdf: 1297 trang
2026-06-15 15:22:30 +0000 - dagster - INFO - __ASSET_JOB - 80423180-b24b-40ee-8b8a-91c547893729 - silver__pdf__silver_filtered_pages -       └─ [Text]380 Bai Thuoc Dong Y Hieu Nghiem.pdf: 187 trang
2026-06-15 15:22:30 +0000 - dagster - INFO - __ASSET_JOB - 80423180-b24b-40ee-8b8a-91c547893729 - silver__pdf__silver_filtered_pages -       └─ [Text]benh_hoc_va_dieu_tri_dong_y.pdf: 246 trang
2026-06-15 15:22:30 +0000 - dagster - INFO - __ASSET_JOB - 80423180-b24b-40ee-8b8a-91c547893729 - silver__pdf__silver_filtered_pages -       └─ test_sensor_trigger.pdf: 468 trang
2026-06-15 15:22:30 +0000 - dagster - DEBUG - __ASSET_JOB - 80423180-b24b-40ee-8b8a-91c547893729 - 228 - silver__pdf__silver_filtered_pages - STEP_OUTPUT - Yielded output "result" of type "Any". (Type check passed).
2026-06-15 15:22:30 +0000 - dagster - INFO - __ASSET_JOB - 80423180-b24b-40ee-8b8a-91c547893729 - silver__pdf__silver_filtered_pages - [MinIO] ✅ Đã lưu: s3://yhct-silver/silver/pdf/silver_filtered_pages.parquet (2939 rows)
2026-06-15 15:22:30 +0000 - dagster - DEBUG - __ASSET_JOB - 80423180-b24b-40ee-8b8a-91c547893729 - 228 - silver__pdf__silver_filtered_pages - ASSET_MATERIALIZATION - Materialized value silver pdf silver_filtered_pages.
2026-06-15 15:22:30 +0000 - dagster - DEBUG - __ASSET_JOB - 80423180-b24b-40ee-8b8a-91c547893729 - 228 - silver__pdf__silver_filtered_pages - HANDLED_OUTPUT - Handled output "result" using IO manager "minio_io_manager"
2026-06-15 15:22:31 +0000 - dagster - DEBUG - __ASSET_JOB - 80423180-b24b-40ee-8b8a-91c547893729 - 228 - silver__pdf__silver_filtered_pages - STEP_SUCCESS - Finished execution of step "silver__pdf__silver_filtered_pages" in 1.9s.
