2026-06-15 15:21:46 +0000 - dagster - DEBUG - __ASSET_JOB - 80423180-b24b-40ee-8b8a-91c547893729 - 67 - LOGS_CAPTURED - Started capturing logs in process (pid: 67).
2026-06-15 15:21:46 +0000 - dagster - DEBUG - __ASSET_JOB - 80423180-b24b-40ee-8b8a-91c547893729 - 67 - bronze__pdf__bronze_pdf_pages - STEP_START - Started execution of step "bronze__pdf__bronze_pdf_pages".
2026-06-15 15:21:46 +0000 - dagster - INFO - __ASSET_JOB - 80423180-b24b-40ee-8b8a-91c547893729 - bronze__pdf__bronze_pdf_pages - 📂 Tìm thấy 6 file PDF:
2026-06-15 15:21:46 +0000 - dagster - INFO - __ASSET_JOB - 80423180-b24b-40ee-8b8a-91c547893729 - bronze__pdf__bronze_pdf_pages -    └─ 250-bai-thuoc-dong-y-co-truyen-chon-loc.pdf
2026-06-15 15:21:46 +0000 - dagster - INFO - __ASSET_JOB - 80423180-b24b-40ee-8b8a-91c547893729 - bronze__pdf__bronze_pdf_pages -    └─ Cay_Thuoc_Vi_Thuoc_Phong_Va_Chua_Benh_Tieu_Hoa.pdf
2026-06-15 15:21:46 +0000 - dagster - INFO - __ASSET_JOB - 80423180-b24b-40ee-8b8a-91c547893729 - bronze__pdf__bronze_pdf_pages -    └─ [Text]3033 CÂY THUỐC ĐÔNG Y (TUỆ TĨNH).pdf
2026-06-15 15:21:46 +0000 - dagster - INFO - __ASSET_JOB - 80423180-b24b-40ee-8b8a-91c547893729 - bronze__pdf__bronze_pdf_pages -    └─ [Text]380 Bai Thuoc Dong Y Hieu Nghiem.pdf
2026-06-15 15:21:46 +0000 - dagster - INFO - __ASSET_JOB - 80423180-b24b-40ee-8b8a-91c547893729 - bronze__pdf__bronze_pdf_pages -    └─ [Text]benh_hoc_va_dieu_tri_dong_y.pdf
2026-06-15 15:21:46 +0000 - dagster - INFO - __ASSET_JOB - 80423180-b24b-40ee-8b8a-91c547893729 - bronze__pdf__bronze_pdf_pages -    └─ test_sensor_trigger.pdf
2026-06-15 15:21:46 +0000 - dagster - INFO - __ASSET_JOB - 80423180-b24b-40ee-8b8a-91c547893729 - bronze__pdf__bronze_pdf_pages - 📖 Đang xử lý: 250-bai-thuoc-dong-y-co-truyen-chon-loc.pdf ...
2026-06-15 15:21:47 +0000 - dagster - INFO - __ASSET_JOB - 80423180-b24b-40ee-8b8a-91c547893729 - bronze__pdf__bronze_pdf_pages -    ✅ 250-bai-thuoc-dong-y-co-truyen-chon-loc.pdf: 877 trang | doc_id=pdf_368ebaeb86dc
2026-06-15 15:21:47 +0000 - dagster - INFO - __ASSET_JOB - 80423180-b24b-40ee-8b8a-91c547893729 - bronze__pdf__bronze_pdf_pages - 📖 Đang xử lý: Cay_Thuoc_Vi_Thuoc_Phong_Va_Chua_Benh_Tieu_Hoa.pdf ...
2026-06-15 15:21:48 +0000 - dagster - INFO - __ASSET_JOB - 80423180-b24b-40ee-8b8a-91c547893729 - bronze__pdf__bronze_pdf_pages -    ✅ Cay_Thuoc_Vi_Thuoc_Phong_Va_Chua_Benh_Tieu_Hoa.pdf: 280 trang | doc_id=pdf_54e32aeb2341
2026-06-15 15:21:48 +0000 - dagster - INFO - __ASSET_JOB - 80423180-b24b-40ee-8b8a-91c547893729 - bronze__pdf__bronze_pdf_pages - 📖 Đang xử lý: [Text]3033 CÂY THUỐC ĐÔNG Y (TUỆ TĨNH).pdf ...
2026-06-15 15:22:01 +0000 - dagster - INFO - __ASSET_JOB - 80423180-b24b-40ee-8b8a-91c547893729 - bronze__pdf__bronze_pdf_pages -    ✅ [Text]3033 CÂY THUỐC ĐÔNG Y (TUỆ TĨNH).pdf: 1361 trang | doc_id=pdf_ca2834ee3b8c
2026-06-15 15:22:01 +0000 - dagster - INFO - __ASSET_JOB - 80423180-b24b-40ee-8b8a-91c547893729 - bronze__pdf__bronze_pdf_pages - 📖 Đang xử lý: [Text]380 Bai Thuoc Dong Y Hieu Nghiem.pdf ...
2026-06-15 15:22:03 +0000 - dagster - INFO - __ASSET_JOB - 80423180-b24b-40ee-8b8a-91c547893729 - bronze__pdf__bronze_pdf_pages -    ✅ [Text]380 Bai Thuoc Dong Y Hieu Nghiem.pdf: 188 trang | doc_id=pdf_26ff6e03a475
2026-06-15 15:22:03 +0000 - dagster - INFO - __ASSET_JOB - 80423180-b24b-40ee-8b8a-91c547893729 - bronze__pdf__bronze_pdf_pages - 📖 Đang xử lý: [Text]benh_hoc_va_dieu_tri_dong_y.pdf ...
2026-06-15 15:22:05 +0000 - dagster - INFO - __ASSET_JOB - 80423180-b24b-40ee-8b8a-91c547893729 - bronze__pdf__bronze_pdf_pages -    ✅ [Text]benh_hoc_va_dieu_tri_dong_y.pdf: 259 trang | doc_id=pdf_6485fbcd7326
2026-06-15 15:22:05 +0000 - dagster - INFO - __ASSET_JOB - 80423180-b24b-40ee-8b8a-91c547893729 - bronze__pdf__bronze_pdf_pages - 📖 Đang xử lý: test_sensor_trigger.pdf ...
2026-06-15 15:22:06 +0000 - dagster - INFO - __ASSET_JOB - 80423180-b24b-40ee-8b8a-91c547893729 - bronze__pdf__bronze_pdf_pages -    ✅ test_sensor_trigger.pdf: 877 trang | doc_id=pdf_1480b5107e22
2026-06-15 15:22:06 +0000 - dagster - INFO - __ASSET_JOB - 80423180-b24b-40ee-8b8a-91c547893729 - bronze__pdf__bronze_pdf_pages - 
==================================================
2026-06-15 15:22:06 +0000 - dagster - INFO - __ASSET_JOB - 80423180-b24b-40ee-8b8a-91c547893729 - bronze__pdf__bronze_pdf_pages - ✅ TỔNG KẾT BRONZE:
2026-06-15 15:22:06 +0000 - dagster - INFO - __ASSET_JOB - 80423180-b24b-40ee-8b8a-91c547893729 - bronze__pdf__bronze_pdf_pages -    Số file PDF: 6
2026-06-15 15:22:06 +0000 - dagster - INFO - __ASSET_JOB - 80423180-b24b-40ee-8b8a-91c547893729 - bronze__pdf__bronze_pdf_pages -    Tổng trang:  3842
2026-06-15 15:22:06 +0000 - dagster - INFO - __ASSET_JOB - 80423180-b24b-40ee-8b8a-91c547893729 - bronze__pdf__bronze_pdf_pages -    Tổng từ:     1,272,223
2026-06-15 15:22:06 +0000 - dagster - DEBUG - __ASSET_JOB - 80423180-b24b-40ee-8b8a-91c547893729 - 67 - bronze__pdf__bronze_pdf_pages - STEP_OUTPUT - Yielded output "result" of type "Any". (Type check passed).
2026-06-15 15:22:07 +0000 - dagster - INFO - __ASSET_JOB - 80423180-b24b-40ee-8b8a-91c547893729 - bronze__pdf__bronze_pdf_pages - [MinIO] ✅ Đã lưu: s3://yhct-bronze/bronze/pdf/bronze_pdf_pages.parquet (3842 rows)
2026-06-15 15:22:07 +0000 - dagster - DEBUG - __ASSET_JOB - 80423180-b24b-40ee-8b8a-91c547893729 - 67 - bronze__pdf__bronze_pdf_pages - ASSET_MATERIALIZATION - Materialized value bronze pdf bronze_pdf_pages.
2026-06-15 15:22:07 +0000 - dagster - DEBUG - __ASSET_JOB - 80423180-b24b-40ee-8b8a-91c547893729 - 67 - bronze__pdf__bronze_pdf_pages - HANDLED_OUTPUT - Handled output "result" using IO manager "minio_io_manager"
2026-06-15 15:22:07 +0000 - dagster - DEBUG - __ASSET_JOB - 80423180-b24b-40ee-8b8a-91c547893729 - 67 - bronze__pdf__bronze_pdf_pages - STEP_SUCCESS - Finished execution of step "bronze__pdf__bronze_pdf_pages" in 20.79s.
