2026-06-08 15:32:03 +0000 - dagster - DEBUG - __ASSET_JOB - abe5633c-749b-4ce5-b8e4-5f6848d9910c - 84 - LOGS_CAPTURED - Started capturing logs in process (pid: 84).
2026-06-08 15:32:03 +0000 - dagster - DEBUG - __ASSET_JOB - abe5633c-749b-4ce5-b8e4-5f6848d9910c - 84 - bronze__pdf__bronze_pdf_pages - STEP_START - Started execution of step "bronze__pdf__bronze_pdf_pages".
2026-06-08 15:32:03 +0000 - dagster - INFO - __ASSET_JOB - abe5633c-749b-4ce5-b8e4-5f6848d9910c - bronze__pdf__bronze_pdf_pages - 📂 Tìm thấy 5 file PDF:
2026-06-08 15:32:03 +0000 - dagster - INFO - __ASSET_JOB - abe5633c-749b-4ce5-b8e4-5f6848d9910c - bronze__pdf__bronze_pdf_pages -    └─ 250-bai-thuoc-dong-y-co-truyen-chon-loc.pdf
2026-06-08 15:32:03 +0000 - dagster - INFO - __ASSET_JOB - abe5633c-749b-4ce5-b8e4-5f6848d9910c - bronze__pdf__bronze_pdf_pages -    └─ Cay_Thuoc_Vi_Thuoc_Phong_Va_Chua_Benh_Tieu_Hoa.pdf
2026-06-08 15:32:03 +0000 - dagster - INFO - __ASSET_JOB - abe5633c-749b-4ce5-b8e4-5f6848d9910c - bronze__pdf__bronze_pdf_pages -    └─ [Text]3033 CÂY THUỐC ĐÔNG Y (TUỆ TĨNH).pdf
2026-06-08 15:32:03 +0000 - dagster - INFO - __ASSET_JOB - abe5633c-749b-4ce5-b8e4-5f6848d9910c - bronze__pdf__bronze_pdf_pages -    └─ [Text]380 Bai Thuoc Dong Y Hieu Nghiem.pdf
2026-06-08 15:32:03 +0000 - dagster - INFO - __ASSET_JOB - abe5633c-749b-4ce5-b8e4-5f6848d9910c - bronze__pdf__bronze_pdf_pages -    └─ [Text]benh_hoc_va_dieu_tri_dong_y.pdf
2026-06-08 15:32:03 +0000 - dagster - INFO - __ASSET_JOB - abe5633c-749b-4ce5-b8e4-5f6848d9910c - bronze__pdf__bronze_pdf_pages - 📖 Đang xử lý: 250-bai-thuoc-dong-y-co-truyen-chon-loc.pdf ...
2026-06-08 15:32:07 +0000 - dagster - INFO - __ASSET_JOB - abe5633c-749b-4ce5-b8e4-5f6848d9910c - bronze__pdf__bronze_pdf_pages -    ✅ 250-bai-thuoc-dong-y-co-truyen-chon-loc.pdf: 877 trang | doc_id=pdf_a1dd733737cc
2026-06-08 15:32:07 +0000 - dagster - INFO - __ASSET_JOB - abe5633c-749b-4ce5-b8e4-5f6848d9910c - bronze__pdf__bronze_pdf_pages - 📖 Đang xử lý: Cay_Thuoc_Vi_Thuoc_Phong_Va_Chua_Benh_Tieu_Hoa.pdf ...
2026-06-08 15:32:09 +0000 - dagster - INFO - __ASSET_JOB - abe5633c-749b-4ce5-b8e4-5f6848d9910c - bronze__pdf__bronze_pdf_pages -    ✅ Cay_Thuoc_Vi_Thuoc_Phong_Va_Chua_Benh_Tieu_Hoa.pdf: 280 trang | doc_id=pdf_234cb6bf8728
2026-06-08 15:32:09 +0000 - dagster - INFO - __ASSET_JOB - abe5633c-749b-4ce5-b8e4-5f6848d9910c - bronze__pdf__bronze_pdf_pages - 📖 Đang xử lý: [Text]3033 CÂY THUỐC ĐÔNG Y (TUỆ TĨNH).pdf ...
2026-06-08 15:32:27 +0000 - dagster - INFO - __ASSET_JOB - abe5633c-749b-4ce5-b8e4-5f6848d9910c - bronze__pdf__bronze_pdf_pages -    ✅ [Text]3033 CÂY THUỐC ĐÔNG Y (TUỆ TĨNH).pdf: 1361 trang | doc_id=pdf_d6ac703480b9
2026-06-08 15:32:27 +0000 - dagster - INFO - __ASSET_JOB - abe5633c-749b-4ce5-b8e4-5f6848d9910c - bronze__pdf__bronze_pdf_pages - 📖 Đang xử lý: [Text]380 Bai Thuoc Dong Y Hieu Nghiem.pdf ...
2026-06-08 15:32:28 +0000 - dagster - INFO - __ASSET_JOB - abe5633c-749b-4ce5-b8e4-5f6848d9910c - bronze__pdf__bronze_pdf_pages -    ✅ [Text]380 Bai Thuoc Dong Y Hieu Nghiem.pdf: 188 trang | doc_id=pdf_92ad5f1b7dd9
2026-06-08 15:32:28 +0000 - dagster - INFO - __ASSET_JOB - abe5633c-749b-4ce5-b8e4-5f6848d9910c - bronze__pdf__bronze_pdf_pages - 📖 Đang xử lý: [Text]benh_hoc_va_dieu_tri_dong_y.pdf ...
2026-06-08 15:32:36 +0000 - dagster - INFO - __ASSET_JOB - abe5633c-749b-4ce5-b8e4-5f6848d9910c - bronze__pdf__bronze_pdf_pages -    ✅ [Text]benh_hoc_va_dieu_tri_dong_y.pdf: 259 trang | doc_id=pdf_5ed1f4117cfd
2026-06-08 15:32:36 +0000 - dagster - INFO - __ASSET_JOB - abe5633c-749b-4ce5-b8e4-5f6848d9910c - bronze__pdf__bronze_pdf_pages - 
==================================================
2026-06-08 15:32:36 +0000 - dagster - INFO - __ASSET_JOB - abe5633c-749b-4ce5-b8e4-5f6848d9910c - bronze__pdf__bronze_pdf_pages - ✅ TỔNG KẾT BRONZE:
2026-06-08 15:32:36 +0000 - dagster - INFO - __ASSET_JOB - abe5633c-749b-4ce5-b8e4-5f6848d9910c - bronze__pdf__bronze_pdf_pages -    Số file PDF: 5
2026-06-08 15:32:36 +0000 - dagster - INFO - __ASSET_JOB - abe5633c-749b-4ce5-b8e4-5f6848d9910c - bronze__pdf__bronze_pdf_pages -    Tổng trang:  2965
2026-06-08 15:32:36 +0000 - dagster - INFO - __ASSET_JOB - abe5633c-749b-4ce5-b8e4-5f6848d9910c - bronze__pdf__bronze_pdf_pages -    Tổng từ:     1,200,388
2026-06-08 15:32:36 +0000 - dagster - DEBUG - __ASSET_JOB - abe5633c-749b-4ce5-b8e4-5f6848d9910c - 84 - bronze__pdf__bronze_pdf_pages - STEP_OUTPUT - Yielded output "result" of type "Any". (Type check passed).
2026-06-08 15:32:36 +0000 - dagster - INFO - __ASSET_JOB - abe5633c-749b-4ce5-b8e4-5f6848d9910c - bronze__pdf__bronze_pdf_pages - [MinIO] ✅ Đã lưu: s3://yhct-bronze/bronze/pdf/bronze_pdf_pages.parquet (2965 rows)
2026-06-08 15:32:36 +0000 - dagster - DEBUG - __ASSET_JOB - abe5633c-749b-4ce5-b8e4-5f6848d9910c - 84 - bronze__pdf__bronze_pdf_pages - ASSET_MATERIALIZATION - Materialized value bronze pdf bronze_pdf_pages.
2026-06-08 15:32:36 +0000 - dagster - DEBUG - __ASSET_JOB - abe5633c-749b-4ce5-b8e4-5f6848d9910c - 84 - bronze__pdf__bronze_pdf_pages - HANDLED_OUTPUT - Handled output "result" using IO manager "minio_io_manager"
2026-06-08 15:32:36 +0000 - dagster - DEBUG - __ASSET_JOB - abe5633c-749b-4ce5-b8e4-5f6848d9910c - 84 - bronze__pdf__bronze_pdf_pages - STEP_SUCCESS - Finished execution of step "bronze__pdf__bronze_pdf_pages" in 33.45s.
