2026-06-09 05:58:25 +0000 - dagster - DEBUG - __ASSET_JOB - 5fbd49cf-7ad1-4172-92e6-2272db7009ab - 245 - LOGS_CAPTURED - Started capturing logs in process (pid: 245).
2026-06-09 05:58:25 +0000 - dagster - DEBUG - __ASSET_JOB - 5fbd49cf-7ad1-4172-92e6-2272db7009ab - 245 - gold__embeddings__gold_embeddings - STEP_START - Started execution of step "gold__embeddings__gold_embeddings".
2026-06-09 05:58:25 +0000 - dagster - INFO - __ASSET_JOB - 5fbd49cf-7ad1-4172-92e6-2272db7009ab - gold__embeddings__gold_embeddings - [MinIO] ✅ Đã đọc: s3://yhct-gold/gold/chunks/gold_yhct_chunks.parquet (6686 rows)
2026-06-09 05:58:25 +0000 - dagster - DEBUG - __ASSET_JOB - 5fbd49cf-7ad1-4172-92e6-2272db7009ab - 245 - gold__embeddings__gold_embeddings - LOADED_INPUT - Loaded input "gold_yhct_chunks" using input manager "minio_io_manager", from output "result" of step "gold__chunks__gold_yhct_chunks"
2026-06-09 05:58:25 +0000 - dagster - DEBUG - __ASSET_JOB - 5fbd49cf-7ad1-4172-92e6-2272db7009ab - 245 - gold__embeddings__gold_embeddings - STEP_INPUT - Got input "gold_yhct_chunks" of type "DataFrame". (Type check passed).
2026-06-09 05:58:25 +0000 - dagster - INFO - __ASSET_JOB - 5fbd49cf-7ad1-4172-92e6-2272db7009ab - gold__embeddings__gold_embeddings - 📥 Nhận 6686 chunks để embed
2026-06-09 05:58:25 +0000 - dagster - INFO - __ASSET_JOB - 5fbd49cf-7ad1-4172-92e6-2272db7009ab - gold__embeddings__gold_embeddings - 🤖 Loading model: keepitreal/vietnamese-sbert ...
2026-06-09 06:00:14 +0000 - dagster - INFO - __ASSET_JOB - 5fbd49cf-7ad1-4172-92e6-2272db7009ab - gold__embeddings__gold_embeddings - ✅ Model loaded!
Failed to send telemetry event ClientStartEvent: capture() takes 1 positional argument but 3 were given
2026-06-09 06:00:14 +0000 - dagster - INFO - __ASSET_JOB - 5fbd49cf-7ad1-4172-92e6-2272db7009ab - gold__embeddings__gold_embeddings - ✅ Kết nối ChromaDB OK | collection='yhct_chunks'
2026-06-09 06:00:15 +0000 - dagster - INFO - __ASSET_JOB - 5fbd49cf-7ad1-4172-92e6-2272db7009ab - gold__embeddings__gold_embeddings - 📊 Đã có 9880 chunks trong ChromaDB
2026-06-09 06:00:15 +0000 - dagster - INFO - __ASSET_JOB - 5fbd49cf-7ad1-4172-92e6-2272db7009ab - gold__embeddings__gold_embeddings - 🔄 Cần embed thêm: 6686 chunks
2026-06-09 06:00:23 +0000 - dagster - INFO - __ASSET_JOB - 5fbd49cf-7ad1-4172-92e6-2272db7009ab - gold__embeddings__gold_embeddings -    ✓ 32/6686 chunks embedded
2026-06-09 06:00:31 +0000 - dagster - INFO - __ASSET_JOB - 5fbd49cf-7ad1-4172-92e6-2272db7009ab - gold__embeddings__gold_embeddings -    ✓ 64/6686 chunks embedded
2026-06-09 06:00:41 +0000 - dagster - INFO - __ASSET_JOB - 5fbd49cf-7ad1-4172-92e6-2272db7009ab - gold__embeddings__gold_embeddings -    ✓ 96/6686 chunks embedded
2026-06-09 06:00:51 +0000 - dagster - INFO - __ASSET_JOB - 5fbd49cf-7ad1-4172-92e6-2272db7009ab - gold__embeddings__gold_embeddings -    ✓ 128/6686 chunks embedded
2026-06-09 06:01:01 +0000 - dagster - INFO - __ASSET_JOB - 5fbd49cf-7ad1-4172-92e6-2272db7009ab - gold__embeddings__gold_embeddings -    ✓ 160/6686 chunks embedded
2026-06-09 06:01:12 +0000 - dagster - INFO - __ASSET_JOB - 5fbd49cf-7ad1-4172-92e6-2272db7009ab - gold__embeddings__gold_embeddings -    ✓ 192/6686 chunks embedded
2026-06-09 06:01:22 +0000 - dagster - INFO - __ASSET_JOB - 5fbd49cf-7ad1-4172-92e6-2272db7009ab - gold__embeddings__gold_embeddings -    ✓ 224/6686 chunks embedded
2026-06-09 06:01:32 +0000 - dagster - INFO - __ASSET_JOB - 5fbd49cf-7ad1-4172-92e6-2272db7009ab - gold__embeddings__gold_embeddings -    ✓ 256/6686 chunks embedded
2026-06-09 06:01:42 +0000 - dagster - INFO - __ASSET_JOB - 5fbd49cf-7ad1-4172-92e6-2272db7009ab - gold__embeddings__gold_embeddings -    ✓ 288/6686 chunks embedded
2026-06-09 06:01:51 +0000 - dagster - INFO - __ASSET_JOB - 5fbd49cf-7ad1-4172-92e6-2272db7009ab - gold__embeddings__gold_embeddings -    ✓ 320/6686 chunks embedded
2026-06-09 06:02:01 +0000 - dagster - INFO - __ASSET_JOB - 5fbd49cf-7ad1-4172-92e6-2272db7009ab - gold__embeddings__gold_embeddings -    ✓ 352/6686 chunks embedded
2026-06-09 06:02:10 +0000 - dagster - INFO - __ASSET_JOB - 5fbd49cf-7ad1-4172-92e6-2272db7009ab - gold__embeddings__gold_embeddings -    ✓ 384/6686 chunks embedded
2026-06-09 06:02:19 +0000 - dagster - INFO - __ASSET_JOB - 5fbd49cf-7ad1-4172-92e6-2272db7009ab - gold__embeddings__gold_embeddings -    ✓ 416/6686 chunks embedded
2026-06-09 06:02:29 +0000 - dagster - INFO - __ASSET_JOB - 5fbd49cf-7ad1-4172-92e6-2272db7009ab - gold__embeddings__gold_embeddings -    ✓ 448/6686 chunks embedded
2026-06-09 06:02:38 +0000 - dagster - INFO - __ASSET_JOB - 5fbd49cf-7ad1-4172-92e6-2272db7009ab - gold__embeddings__gold_embeddings -    ✓ 480/6686 chunks embedded
2026-06-09 06:02:48 +0000 - dagster - INFO - __ASSET_JOB - 5fbd49cf-7ad1-4172-92e6-2272db7009ab - gold__embeddings__gold_embeddings -    ✓ 512/6686 chunks embedded
2026-06-09 06:02:57 +0000 - dagster - INFO - __ASSET_JOB - 5fbd49cf-7ad1-4172-92e6-2272db7009ab - gold__embeddings__gold_embeddings -    ✓ 544/6686 chunks embedded
2026-06-09 06:03:06 +0000 - dagster - INFO - __ASSET_JOB - 5fbd49cf-7ad1-4172-92e6-2272db7009ab - gold__embeddings__gold_embeddings -    ✓ 576/6686 chunks embedded
2026-06-09 06:03:20 +0000 - dagster - INFO - __ASSET_JOB - 5fbd49cf-7ad1-4172-92e6-2272db7009ab - gold__embeddings__gold_embeddings -    ✓ 608/6686 chunks embedded
2026-06-09 06:03:38 +0000 - dagster - INFO - __ASSET_JOB - 5fbd49cf-7ad1-4172-92e6-2272db7009ab - gold__embeddings__gold_embeddings -    ✓ 640/6686 chunks embedded
2026-06-09 06:03:53 +0000 - dagster - INFO - __ASSET_JOB - 5fbd49cf-7ad1-4172-92e6-2272db7009ab - gold__embeddings__gold_embeddings -    ✓ 672/6686 chunks embedded
2026-06-09 06:04:10 +0000 - dagster - INFO - __ASSET_JOB - 5fbd49cf-7ad1-4172-92e6-2272db7009ab - gold__embeddings__gold_embeddings -    ✓ 704/6686 chunks embedded
2026-06-09 06:04:19 +0000 - dagster - INFO - __ASSET_JOB - 5fbd49cf-7ad1-4172-92e6-2272db7009ab - gold__embeddings__gold_embeddings -    ✓ 736/6686 chunks embedded
2026-06-09 06:04:28 +0000 - dagster - INFO - __ASSET_JOB - 5fbd49cf-7ad1-4172-92e6-2272db7009ab - gold__embeddings__gold_embeddings -    ✓ 768/6686 chunks embedded
2026-06-09 06:04:38 +0000 - dagster - INFO - __ASSET_JOB - 5fbd49cf-7ad1-4172-92e6-2272db7009ab - gold__embeddings__gold_embeddings -    ✓ 800/6686 chunks embedded
2026-06-09 06:04:47 +0000 - dagster - INFO - __ASSET_JOB - 5fbd49cf-7ad1-4172-92e6-2272db7009ab - gold__embeddings__gold_embeddings -    ✓ 832/6686 chunks embedded
2026-06-09 06:04:57 +0000 - dagster - INFO - __ASSET_JOB - 5fbd49cf-7ad1-4172-92e6-2272db7009ab - gold__embeddings__gold_embeddings -    ✓ 864/6686 chunks embedded
2026-06-09 06:05:08 +0000 - dagster - INFO - __ASSET_JOB - 5fbd49cf-7ad1-4172-92e6-2272db7009ab - gold__embeddings__gold_embeddings -    ✓ 896/6686 chunks embedded
2026-06-09 06:05:19 +0000 - dagster - INFO - __ASSET_JOB - 5fbd49cf-7ad1-4172-92e6-2272db7009ab - gold__embeddings__gold_embeddings -    ✓ 928/6686 chunks embedded
2026-06-09 06:05:29 +0000 - dagster - INFO - __ASSET_JOB - 5fbd49cf-7ad1-4172-92e6-2272db7009ab - gold__embeddings__gold_embeddings -    ✓ 960/6686 chunks embedded
2026-06-09 06:05:39 +0000 - dagster - INFO - __ASSET_JOB - 5fbd49cf-7ad1-4172-92e6-2272db7009ab - gold__embeddings__gold_embeddings -    ✓ 992/6686 chunks embedded
2026-06-09 06:05:48 +0000 - dagster - INFO - __ASSET_JOB - 5fbd49cf-7ad1-4172-92e6-2272db7009ab - gold__embeddings__gold_embeddings -    ✓ 1024/6686 chunks embedded
2026-06-09 06:05:58 +0000 - dagster - INFO - __ASSET_JOB - 5fbd49cf-7ad1-4172-92e6-2272db7009ab - gold__embeddings__gold_embeddings -    ✓ 1056/6686 chunks embedded
2026-06-09 06:06:08 +0000 - dagster - INFO - __ASSET_JOB - 5fbd49cf-7ad1-4172-92e6-2272db7009ab - gold__embeddings__gold_embeddings -    ✓ 1088/6686 chunks embedded
2026-06-09 06:06:18 +0000 - dagster - INFO - __ASSET_JOB - 5fbd49cf-7ad1-4172-92e6-2272db7009ab - gold__embeddings__gold_embeddings -    ✓ 1120/6686 chunks embedded
2026-06-09 06:06:29 +0000 - dagster - INFO - __ASSET_JOB - 5fbd49cf-7ad1-4172-92e6-2272db7009ab - gold__embeddings__gold_embeddings -    ✓ 1152/6686 chunks embedded
2026-06-09 06:06:40 +0000 - dagster - INFO - __ASSET_JOB - 5fbd49cf-7ad1-4172-92e6-2272db7009ab - gold__embeddings__gold_embeddings -    ✓ 1184/6686 chunks embedded
2026-06-09 06:06:50 +0000 - dagster - INFO - __ASSET_JOB - 5fbd49cf-7ad1-4172-92e6-2272db7009ab - gold__embeddings__gold_embeddings -    ✓ 1216/6686 chunks embedded
2026-06-09 06:07:02 +0000 - dagster - INFO - __ASSET_JOB - 5fbd49cf-7ad1-4172-92e6-2272db7009ab - gold__embeddings__gold_embeddings -    ✓ 1248/6686 chunks embedded
2026-06-09 06:07:12 +0000 - dagster - INFO - __ASSET_JOB - 5fbd49cf-7ad1-4172-92e6-2272db7009ab - gold__embeddings__gold_embeddings -    ✓ 1280/6686 chunks embedded
2026-06-09 06:07:21 +0000 - dagster - INFO - __ASSET_JOB - 5fbd49cf-7ad1-4172-92e6-2272db7009ab - gold__embeddings__gold_embeddings -    ✓ 1312/6686 chunks embedded
2026-06-09 06:07:31 +0000 - dagster - INFO - __ASSET_JOB - 5fbd49cf-7ad1-4172-92e6-2272db7009ab - gold__embeddings__gold_embeddings -    ✓ 1344/6686 chunks embedded
2026-06-09 06:07:41 +0000 - dagster - INFO - __ASSET_JOB - 5fbd49cf-7ad1-4172-92e6-2272db7009ab - gold__embeddings__gold_embeddings -    ✓ 1376/6686 chunks embedded
2026-06-09 06:07:50 +0000 - dagster - INFO - __ASSET_JOB - 5fbd49cf-7ad1-4172-92e6-2272db7009ab - gold__embeddings__gold_embeddings -    ✓ 1408/6686 chunks embedded
2026-06-09 06:08:00 +0000 - dagster - INFO - __ASSET_JOB - 5fbd49cf-7ad1-4172-92e6-2272db7009ab - gold__embeddings__gold_embeddings -    ✓ 1440/6686 chunks embedded
2026-06-09 06:08:10 +0000 - dagster - INFO - __ASSET_JOB - 5fbd49cf-7ad1-4172-92e6-2272db7009ab - gold__embeddings__gold_embeddings -    ✓ 1472/6686 chunks embedded
2026-06-09 06:08:19 +0000 - dagster - INFO - __ASSET_JOB - 5fbd49cf-7ad1-4172-92e6-2272db7009ab - gold__embeddings__gold_embeddings -    ✓ 1504/6686 chunks embedded
2026-06-09 06:08:29 +0000 - dagster - INFO - __ASSET_JOB - 5fbd49cf-7ad1-4172-92e6-2272db7009ab - gold__embeddings__gold_embeddings -    ✓ 1536/6686 chunks embedded
2026-06-09 06:08:38 +0000 - dagster - INFO - __ASSET_JOB - 5fbd49cf-7ad1-4172-92e6-2272db7009ab - gold__embeddings__gold_embeddings -    ✓ 1568/6686 chunks embedded
2026-06-09 06:08:48 +0000 - dagster - INFO - __ASSET_JOB - 5fbd49cf-7ad1-4172-92e6-2272db7009ab - gold__embeddings__gold_embeddings -    ✓ 1600/6686 chunks embedded
2026-06-09 06:08:58 +0000 - dagster - INFO - __ASSET_JOB - 5fbd49cf-7ad1-4172-92e6-2272db7009ab - gold__embeddings__gold_embeddings -    ✓ 1632/6686 chunks embedded
2026-06-09 06:09:10 +0000 - dagster - INFO - __ASSET_JOB - 5fbd49cf-7ad1-4172-92e6-2272db7009ab - gold__embeddings__gold_embeddings -    ✓ 1664/6686 chunks embedded
2026-06-09 06:09:20 +0000 - dagster - INFO - __ASSET_JOB - 5fbd49cf-7ad1-4172-92e6-2272db7009ab - gold__embeddings__gold_embeddings -    ✓ 1696/6686 chunks embedded
2026-06-09 06:09:30 +0000 - dagster - INFO - __ASSET_JOB - 5fbd49cf-7ad1-4172-92e6-2272db7009ab - gold__embeddings__gold_embeddings -    ✓ 1728/6686 chunks embedded
2026-06-09 06:09:41 +0000 - dagster - INFO - __ASSET_JOB - 5fbd49cf-7ad1-4172-92e6-2272db7009ab - gold__embeddings__gold_embeddings -    ✓ 1760/6686 chunks embedded
2026-06-09 06:09:51 +0000 - dagster - INFO - __ASSET_JOB - 5fbd49cf-7ad1-4172-92e6-2272db7009ab - gold__embeddings__gold_embeddings -    ✓ 1792/6686 chunks embedded
2026-06-09 06:10:01 +0000 - dagster - INFO - __ASSET_JOB - 5fbd49cf-7ad1-4172-92e6-2272db7009ab - gold__embeddings__gold_embeddings -    ✓ 1824/6686 chunks embedded
2026-06-09 06:10:12 +0000 - dagster - INFO - __ASSET_JOB - 5fbd49cf-7ad1-4172-92e6-2272db7009ab - gold__embeddings__gold_embeddings -    ✓ 1856/6686 chunks embedded
2026-06-09 06:10:23 +0000 - dagster - INFO - __ASSET_JOB - 5fbd49cf-7ad1-4172-92e6-2272db7009ab - gold__embeddings__gold_embeddings -    ✓ 1888/6686 chunks embedded
2026-06-09 06:10:35 +0000 - dagster - INFO - __ASSET_JOB - 5fbd49cf-7ad1-4172-92e6-2272db7009ab - gold__embeddings__gold_embeddings -    ✓ 1920/6686 chunks embedded
2026-06-09 06:10:48 +0000 - dagster - INFO - __ASSET_JOB - 5fbd49cf-7ad1-4172-92e6-2272db7009ab - gold__embeddings__gold_embeddings -    ✓ 1952/6686 chunks embedded
2026-06-09 06:10:59 +0000 - dagster - INFO - __ASSET_JOB - 5fbd49cf-7ad1-4172-92e6-2272db7009ab - gold__embeddings__gold_embeddings -    ✓ 1984/6686 chunks embedded
2026-06-09 06:11:10 +0000 - dagster - INFO - __ASSET_JOB - 5fbd49cf-7ad1-4172-92e6-2272db7009ab - gold__embeddings__gold_embeddings -    ✓ 2016/6686 chunks embedded
2026-06-09 06:11:21 +0000 - dagster - INFO - __ASSET_JOB - 5fbd49cf-7ad1-4172-92e6-2272db7009ab - gold__embeddings__gold_embeddings -    ✓ 2048/6686 chunks embedded
2026-06-09 06:11:32 +0000 - dagster - INFO - __ASSET_JOB - 5fbd49cf-7ad1-4172-92e6-2272db7009ab - gold__embeddings__gold_embeddings -    ✓ 2080/6686 chunks embedded
2026-06-09 06:11:41 +0000 - dagster - INFO - __ASSET_JOB - 5fbd49cf-7ad1-4172-92e6-2272db7009ab - gold__embeddings__gold_embeddings -    ✓ 2112/6686 chunks embedded
2026-06-09 06:11:51 +0000 - dagster - INFO - __ASSET_JOB - 5fbd49cf-7ad1-4172-92e6-2272db7009ab - gold__embeddings__gold_embeddings -    ✓ 2144/6686 chunks embedded
2026-06-09 06:12:01 +0000 - dagster - INFO - __ASSET_JOB - 5fbd49cf-7ad1-4172-92e6-2272db7009ab - gold__embeddings__gold_embeddings -    ✓ 2176/6686 chunks embedded
2026-06-09 06:12:10 +0000 - dagster - INFO - __ASSET_JOB - 5fbd49cf-7ad1-4172-92e6-2272db7009ab - gold__embeddings__gold_embeddings -    ✓ 2208/6686 chunks embedded
2026-06-09 06:12:20 +0000 - dagster - INFO - __ASSET_JOB - 5fbd49cf-7ad1-4172-92e6-2272db7009ab - gold__embeddings__gold_embeddings -    ✓ 2240/6686 chunks embedded
2026-06-09 06:12:29 +0000 - dagster - INFO - __ASSET_JOB - 5fbd49cf-7ad1-4172-92e6-2272db7009ab - gold__embeddings__gold_embeddings -    ✓ 2272/6686 chunks embedded
2026-06-09 06:12:39 +0000 - dagster - INFO - __ASSET_JOB - 5fbd49cf-7ad1-4172-92e6-2272db7009ab - gold__embeddings__gold_embeddings -    ✓ 2304/6686 chunks embedded
2026-06-09 06:12:49 +0000 - dagster - INFO - __ASSET_JOB - 5fbd49cf-7ad1-4172-92e6-2272db7009ab - gold__embeddings__gold_embeddings -    ✓ 2336/6686 chunks embedded
2026-06-09 06:13:00 +0000 - dagster - INFO - __ASSET_JOB - 5fbd49cf-7ad1-4172-92e6-2272db7009ab - gold__embeddings__gold_embeddings -    ✓ 2368/6686 chunks embedded
2026-06-09 06:13:10 +0000 - dagster - INFO - __ASSET_JOB - 5fbd49cf-7ad1-4172-92e6-2272db7009ab - gold__embeddings__gold_embeddings -    ✓ 2400/6686 chunks embedded
2026-06-09 06:13:20 +0000 - dagster - INFO - __ASSET_JOB - 5fbd49cf-7ad1-4172-92e6-2272db7009ab - gold__embeddings__gold_embeddings -    ✓ 2432/6686 chunks embedded
2026-06-09 06:13:31 +0000 - dagster - INFO - __ASSET_JOB - 5fbd49cf-7ad1-4172-92e6-2272db7009ab - gold__embeddings__gold_embeddings -    ✓ 2464/6686 chunks embedded
2026-06-09 06:13:41 +0000 - dagster - INFO - __ASSET_JOB - 5fbd49cf-7ad1-4172-92e6-2272db7009ab - gold__embeddings__gold_embeddings -    ✓ 2496/6686 chunks embedded
2026-06-09 06:13:51 +0000 - dagster - INFO - __ASSET_JOB - 5fbd49cf-7ad1-4172-92e6-2272db7009ab - gold__embeddings__gold_embeddings -    ✓ 2528/6686 chunks embedded
2026-06-09 06:14:02 +0000 - dagster - INFO - __ASSET_JOB - 5fbd49cf-7ad1-4172-92e6-2272db7009ab - gold__embeddings__gold_embeddings -    ✓ 2560/6686 chunks embedded
2026-06-09 06:14:12 +0000 - dagster - INFO - __ASSET_JOB - 5fbd49cf-7ad1-4172-92e6-2272db7009ab - gold__embeddings__gold_embeddings -    ✓ 2592/6686 chunks embedded
2026-06-09 06:14:22 +0000 - dagster - INFO - __ASSET_JOB - 5fbd49cf-7ad1-4172-92e6-2272db7009ab - gold__embeddings__gold_embeddings -    ✓ 2624/6686 chunks embedded
2026-06-09 06:14:32 +0000 - dagster - INFO - __ASSET_JOB - 5fbd49cf-7ad1-4172-92e6-2272db7009ab - gold__embeddings__gold_embeddings -    ✓ 2656/6686 chunks embedded
2026-06-09 06:14:42 +0000 - dagster - INFO - __ASSET_JOB - 5fbd49cf-7ad1-4172-92e6-2272db7009ab - gold__embeddings__gold_embeddings -    ✓ 2688/6686 chunks embedded
2026-06-09 06:14:52 +0000 - dagster - INFO - __ASSET_JOB - 5fbd49cf-7ad1-4172-92e6-2272db7009ab - gold__embeddings__gold_embeddings -    ✓ 2720/6686 chunks embedded
2026-06-09 06:15:02 +0000 - dagster - INFO - __ASSET_JOB - 5fbd49cf-7ad1-4172-92e6-2272db7009ab - gold__embeddings__gold_embeddings -    ✓ 2752/6686 chunks embedded
2026-06-09 06:15:12 +0000 - dagster - INFO - __ASSET_JOB - 5fbd49cf-7ad1-4172-92e6-2272db7009ab - gold__embeddings__gold_embeddings -    ✓ 2784/6686 chunks embedded
2026-06-09 06:15:23 +0000 - dagster - INFO - __ASSET_JOB - 5fbd49cf-7ad1-4172-92e6-2272db7009ab - gold__embeddings__gold_embeddings -    ✓ 2816/6686 chunks embedded
2026-06-09 06:15:33 +0000 - dagster - INFO - __ASSET_JOB - 5fbd49cf-7ad1-4172-92e6-2272db7009ab - gold__embeddings__gold_embeddings -    ✓ 2848/6686 chunks embedded
2026-06-09 06:15:44 +0000 - dagster - INFO - __ASSET_JOB - 5fbd49cf-7ad1-4172-92e6-2272db7009ab - gold__embeddings__gold_embeddings -    ✓ 2880/6686 chunks embedded
2026-06-09 06:15:54 +0000 - dagster - INFO - __ASSET_JOB - 5fbd49cf-7ad1-4172-92e6-2272db7009ab - gold__embeddings__gold_embeddings -    ✓ 2912/6686 chunks embedded
2026-06-09 06:16:03 +0000 - dagster - INFO - __ASSET_JOB - 5fbd49cf-7ad1-4172-92e6-2272db7009ab - gold__embeddings__gold_embeddings -    ✓ 2944/6686 chunks embedded
2026-06-09 06:16:13 +0000 - dagster - INFO - __ASSET_JOB - 5fbd49cf-7ad1-4172-92e6-2272db7009ab - gold__embeddings__gold_embeddings -    ✓ 2976/6686 chunks embedded
2026-06-09 06:16:22 +0000 - dagster - INFO - __ASSET_JOB - 5fbd49cf-7ad1-4172-92e6-2272db7009ab - gold__embeddings__gold_embeddings -    ✓ 3008/6686 chunks embedded
2026-06-09 06:16:32 +0000 - dagster - INFO - __ASSET_JOB - 5fbd49cf-7ad1-4172-92e6-2272db7009ab - gold__embeddings__gold_embeddings -    ✓ 3040/6686 chunks embedded
2026-06-09 06:16:41 +0000 - dagster - INFO - __ASSET_JOB - 5fbd49cf-7ad1-4172-92e6-2272db7009ab - gold__embeddings__gold_embeddings -    ✓ 3072/6686 chunks embedded
2026-06-09 06:16:51 +0000 - dagster - INFO - __ASSET_JOB - 5fbd49cf-7ad1-4172-92e6-2272db7009ab - gold__embeddings__gold_embeddings -    ✓ 3104/6686 chunks embedded
2026-06-09 06:17:00 +0000 - dagster - INFO - __ASSET_JOB - 5fbd49cf-7ad1-4172-92e6-2272db7009ab - gold__embeddings__gold_embeddings -    ✓ 3136/6686 chunks embedded
2026-06-09 06:17:10 +0000 - dagster - INFO - __ASSET_JOB - 5fbd49cf-7ad1-4172-92e6-2272db7009ab - gold__embeddings__gold_embeddings -    ✓ 3168/6686 chunks embedded
2026-06-09 06:17:20 +0000 - dagster - INFO - __ASSET_JOB - 5fbd49cf-7ad1-4172-92e6-2272db7009ab - gold__embeddings__gold_embeddings -    ✓ 3200/6686 chunks embedded
2026-06-09 06:17:31 +0000 - dagster - INFO - __ASSET_JOB - 5fbd49cf-7ad1-4172-92e6-2272db7009ab - gold__embeddings__gold_embeddings -    ✓ 3232/6686 chunks embedded
2026-06-09 06:17:51 +0000 - dagster - INFO - __ASSET_JOB - 5fbd49cf-7ad1-4172-92e6-2272db7009ab - gold__embeddings__gold_embeddings -    ✓ 3264/6686 chunks embedded
2026-06-09 06:18:05 +0000 - dagster - INFO - __ASSET_JOB - 5fbd49cf-7ad1-4172-92e6-2272db7009ab - gold__embeddings__gold_embeddings -    ✓ 3296/6686 chunks embedded
2026-06-09 06:18:17 +0000 - dagster - INFO - __ASSET_JOB - 5fbd49cf-7ad1-4172-92e6-2272db7009ab - gold__embeddings__gold_embeddings -    ✓ 3328/6686 chunks embedded
2026-06-09 06:18:27 +0000 - dagster - INFO - __ASSET_JOB - 5fbd49cf-7ad1-4172-92e6-2272db7009ab - gold__embeddings__gold_embeddings -    ✓ 3360/6686 chunks embedded
2026-06-09 06:28:59 +0000 - dagster - INFO - __ASSET_JOB - 5fbd49cf-7ad1-4172-92e6-2272db7009ab - gold__embeddings__gold_embeddings -    ✓ 3392/6686 chunks embedded
2026-06-09 06:29:06 +0000 - dagster - INFO - __ASSET_JOB - 5fbd49cf-7ad1-4172-92e6-2272db7009ab - gold__embeddings__gold_embeddings -    ✓ 3424/6686 chunks embedded
2026-06-09 06:29:14 +0000 - dagster - INFO - __ASSET_JOB - 5fbd49cf-7ad1-4172-92e6-2272db7009ab - gold__embeddings__gold_embeddings -    ✓ 3456/6686 chunks embedded
2026-06-09 06:29:23 +0000 - dagster - INFO - __ASSET_JOB - 5fbd49cf-7ad1-4172-92e6-2272db7009ab - gold__embeddings__gold_embeddings -    ✓ 3488/6686 chunks embedded
2026-06-09 06:29:31 +0000 - dagster - INFO - __ASSET_JOB - 5fbd49cf-7ad1-4172-92e6-2272db7009ab - gold__embeddings__gold_embeddings -    ✓ 3520/6686 chunks embedded
2026-06-09 06:29:40 +0000 - dagster - INFO - __ASSET_JOB - 5fbd49cf-7ad1-4172-92e6-2272db7009ab - gold__embeddings__gold_embeddings -    ✓ 3552/6686 chunks embedded
2026-06-09 06:29:48 +0000 - dagster - INFO - __ASSET_JOB - 5fbd49cf-7ad1-4172-92e6-2272db7009ab - gold__embeddings__gold_embeddings -    ✓ 3584/6686 chunks embedded
2026-06-09 06:29:56 +0000 - dagster - INFO - __ASSET_JOB - 5fbd49cf-7ad1-4172-92e6-2272db7009ab - gold__embeddings__gold_embeddings -    ✓ 3616/6686 chunks embedded
2026-06-09 06:30:05 +0000 - dagster - INFO - __ASSET_JOB - 5fbd49cf-7ad1-4172-92e6-2272db7009ab - gold__embeddings__gold_embeddings -    ✓ 3648/6686 chunks embedded
2026-06-09 06:30:13 +0000 - dagster - INFO - __ASSET_JOB - 5fbd49cf-7ad1-4172-92e6-2272db7009ab - gold__embeddings__gold_embeddings -    ✓ 3680/6686 chunks embedded
2026-06-09 06:30:22 +0000 - dagster - INFO - __ASSET_JOB - 5fbd49cf-7ad1-4172-92e6-2272db7009ab - gold__embeddings__gold_embeddings -    ✓ 3712/6686 chunks embedded
2026-06-09 06:30:31 +0000 - dagster - INFO - __ASSET_JOB - 5fbd49cf-7ad1-4172-92e6-2272db7009ab - gold__embeddings__gold_embeddings -    ✓ 3744/6686 chunks embedded
2026-06-09 06:30:39 +0000 - dagster - INFO - __ASSET_JOB - 5fbd49cf-7ad1-4172-92e6-2272db7009ab - gold__embeddings__gold_embeddings -    ✓ 3776/6686 chunks embedded
2026-06-09 06:30:48 +0000 - dagster - INFO - __ASSET_JOB - 5fbd49cf-7ad1-4172-92e6-2272db7009ab - gold__embeddings__gold_embeddings -    ✓ 3808/6686 chunks embedded
2026-06-09 06:30:57 +0000 - dagster - INFO - __ASSET_JOB - 5fbd49cf-7ad1-4172-92e6-2272db7009ab - gold__embeddings__gold_embeddings -    ✓ 3840/6686 chunks embedded
2026-06-09 06:31:06 +0000 - dagster - INFO - __ASSET_JOB - 5fbd49cf-7ad1-4172-92e6-2272db7009ab - gold__embeddings__gold_embeddings -    ✓ 3872/6686 chunks embedded
2026-06-09 06:31:14 +0000 - dagster - INFO - __ASSET_JOB - 5fbd49cf-7ad1-4172-92e6-2272db7009ab - gold__embeddings__gold_embeddings -    ✓ 3904/6686 chunks embedded
2026-06-09 06:31:23 +0000 - dagster - INFO - __ASSET_JOB - 5fbd49cf-7ad1-4172-92e6-2272db7009ab - gold__embeddings__gold_embeddings -    ✓ 3936/6686 chunks embedded
2026-06-09 06:31:31 +0000 - dagster - INFO - __ASSET_JOB - 5fbd49cf-7ad1-4172-92e6-2272db7009ab - gold__embeddings__gold_embeddings -    ✓ 3968/6686 chunks embedded
2026-06-09 06:31:40 +0000 - dagster - INFO - __ASSET_JOB - 5fbd49cf-7ad1-4172-92e6-2272db7009ab - gold__embeddings__gold_embeddings -    ✓ 4000/6686 chunks embedded
2026-06-09 06:31:49 +0000 - dagster - INFO - __ASSET_JOB - 5fbd49cf-7ad1-4172-92e6-2272db7009ab - gold__embeddings__gold_embeddings -    ✓ 4032/6686 chunks embedded
2026-06-09 06:31:58 +0000 - dagster - INFO - __ASSET_JOB - 5fbd49cf-7ad1-4172-92e6-2272db7009ab - gold__embeddings__gold_embeddings -    ✓ 4064/6686 chunks embedded
2026-06-09 06:32:07 +0000 - dagster - INFO - __ASSET_JOB - 5fbd49cf-7ad1-4172-92e6-2272db7009ab - gold__embeddings__gold_embeddings -    ✓ 4096/6686 chunks embedded
2026-06-09 06:32:16 +0000 - dagster - INFO - __ASSET_JOB - 5fbd49cf-7ad1-4172-92e6-2272db7009ab - gold__embeddings__gold_embeddings -    ✓ 4128/6686 chunks embedded
2026-06-09 06:32:24 +0000 - dagster - INFO - __ASSET_JOB - 5fbd49cf-7ad1-4172-92e6-2272db7009ab - gold__embeddings__gold_embeddings -    ✓ 4160/6686 chunks embedded
2026-06-09 06:32:33 +0000 - dagster - INFO - __ASSET_JOB - 5fbd49cf-7ad1-4172-92e6-2272db7009ab - gold__embeddings__gold_embeddings -    ✓ 4192/6686 chunks embedded
2026-06-09 06:32:42 +0000 - dagster - INFO - __ASSET_JOB - 5fbd49cf-7ad1-4172-92e6-2272db7009ab - gold__embeddings__gold_embeddings -    ✓ 4224/6686 chunks embedded
2026-06-09 06:32:51 +0000 - dagster - INFO - __ASSET_JOB - 5fbd49cf-7ad1-4172-92e6-2272db7009ab - gold__embeddings__gold_embeddings -    ✓ 4256/6686 chunks embedded
2026-06-09 06:33:00 +0000 - dagster - INFO - __ASSET_JOB - 5fbd49cf-7ad1-4172-92e6-2272db7009ab - gold__embeddings__gold_embeddings -    ✓ 4288/6686 chunks embedded
2026-06-09 06:33:09 +0000 - dagster - INFO - __ASSET_JOB - 5fbd49cf-7ad1-4172-92e6-2272db7009ab - gold__embeddings__gold_embeddings -    ✓ 4320/6686 chunks embedded
2026-06-09 06:33:18 +0000 - dagster - INFO - __ASSET_JOB - 5fbd49cf-7ad1-4172-92e6-2272db7009ab - gold__embeddings__gold_embeddings -    ✓ 4352/6686 chunks embedded
2026-06-09 06:33:27 +0000 - dagster - INFO - __ASSET_JOB - 5fbd49cf-7ad1-4172-92e6-2272db7009ab - gold__embeddings__gold_embeddings -    ✓ 4384/6686 chunks embedded
2026-06-09 06:33:36 +0000 - dagster - INFO - __ASSET_JOB - 5fbd49cf-7ad1-4172-92e6-2272db7009ab - gold__embeddings__gold_embeddings -    ✓ 4416/6686 chunks embedded
2026-06-09 06:33:45 +0000 - dagster - INFO - __ASSET_JOB - 5fbd49cf-7ad1-4172-92e6-2272db7009ab - gold__embeddings__gold_embeddings -    ✓ 4448/6686 chunks embedded
2026-06-09 06:33:54 +0000 - dagster - INFO - __ASSET_JOB - 5fbd49cf-7ad1-4172-92e6-2272db7009ab - gold__embeddings__gold_embeddings -    ✓ 4480/6686 chunks embedded
2026-06-09 06:34:03 +0000 - dagster - INFO - __ASSET_JOB - 5fbd49cf-7ad1-4172-92e6-2272db7009ab - gold__embeddings__gold_embeddings -    ✓ 4512/6686 chunks embedded
2026-06-09 06:34:13 +0000 - dagster - INFO - __ASSET_JOB - 5fbd49cf-7ad1-4172-92e6-2272db7009ab - gold__embeddings__gold_embeddings -    ✓ 4544/6686 chunks embedded
2026-06-09 06:34:22 +0000 - dagster - INFO - __ASSET_JOB - 5fbd49cf-7ad1-4172-92e6-2272db7009ab - gold__embeddings__gold_embeddings -    ✓ 4576/6686 chunks embedded
2026-06-09 06:34:31 +0000 - dagster - INFO - __ASSET_JOB - 5fbd49cf-7ad1-4172-92e6-2272db7009ab - gold__embeddings__gold_embeddings -    ✓ 4608/6686 chunks embedded
2026-06-09 06:34:40 +0000 - dagster - INFO - __ASSET_JOB - 5fbd49cf-7ad1-4172-92e6-2272db7009ab - gold__embeddings__gold_embeddings -    ✓ 4640/6686 chunks embedded
2026-06-09 06:34:49 +0000 - dagster - INFO - __ASSET_JOB - 5fbd49cf-7ad1-4172-92e6-2272db7009ab - gold__embeddings__gold_embeddings -    ✓ 4672/6686 chunks embedded
2026-06-09 06:34:59 +0000 - dagster - INFO - __ASSET_JOB - 5fbd49cf-7ad1-4172-92e6-2272db7009ab - gold__embeddings__gold_embeddings -    ✓ 4704/6686 chunks embedded
2026-06-09 06:35:08 +0000 - dagster - INFO - __ASSET_JOB - 5fbd49cf-7ad1-4172-92e6-2272db7009ab - gold__embeddings__gold_embeddings -    ✓ 4736/6686 chunks embedded
2026-06-09 06:35:18 +0000 - dagster - INFO - __ASSET_JOB - 5fbd49cf-7ad1-4172-92e6-2272db7009ab - gold__embeddings__gold_embeddings -    ✓ 4768/6686 chunks embedded
2026-06-09 06:35:27 +0000 - dagster - INFO - __ASSET_JOB - 5fbd49cf-7ad1-4172-92e6-2272db7009ab - gold__embeddings__gold_embeddings -    ✓ 4800/6686 chunks embedded
2026-06-09 06:35:37 +0000 - dagster - INFO - __ASSET_JOB - 5fbd49cf-7ad1-4172-92e6-2272db7009ab - gold__embeddings__gold_embeddings -    ✓ 4832/6686 chunks embedded
2026-06-09 06:35:47 +0000 - dagster - INFO - __ASSET_JOB - 5fbd49cf-7ad1-4172-92e6-2272db7009ab - gold__embeddings__gold_embeddings -    ✓ 4864/6686 chunks embedded
2026-06-09 06:35:57 +0000 - dagster - INFO - __ASSET_JOB - 5fbd49cf-7ad1-4172-92e6-2272db7009ab - gold__embeddings__gold_embeddings -    ✓ 4896/6686 chunks embedded
2026-06-09 06:36:06 +0000 - dagster - INFO - __ASSET_JOB - 5fbd49cf-7ad1-4172-92e6-2272db7009ab - gold__embeddings__gold_embeddings -    ✓ 4928/6686 chunks embedded
2026-06-09 06:36:16 +0000 - dagster - INFO - __ASSET_JOB - 5fbd49cf-7ad1-4172-92e6-2272db7009ab - gold__embeddings__gold_embeddings -    ✓ 4960/6686 chunks embedded
2026-06-09 06:36:26 +0000 - dagster - INFO - __ASSET_JOB - 5fbd49cf-7ad1-4172-92e6-2272db7009ab - gold__embeddings__gold_embeddings -    ✓ 4992/6686 chunks embedded
2026-06-09 06:36:36 +0000 - dagster - INFO - __ASSET_JOB - 5fbd49cf-7ad1-4172-92e6-2272db7009ab - gold__embeddings__gold_embeddings -    ✓ 5024/6686 chunks embedded
2026-06-09 06:36:47 +0000 - dagster - INFO - __ASSET_JOB - 5fbd49cf-7ad1-4172-92e6-2272db7009ab - gold__embeddings__gold_embeddings -    ✓ 5056/6686 chunks embedded
2026-06-09 06:36:58 +0000 - dagster - INFO - __ASSET_JOB - 5fbd49cf-7ad1-4172-92e6-2272db7009ab - gold__embeddings__gold_embeddings -    ✓ 5088/6686 chunks embedded
2026-06-09 06:37:08 +0000 - dagster - INFO - __ASSET_JOB - 5fbd49cf-7ad1-4172-92e6-2272db7009ab - gold__embeddings__gold_embeddings -    ✓ 5120/6686 chunks embedded
2026-06-09 06:37:18 +0000 - dagster - INFO - __ASSET_JOB - 5fbd49cf-7ad1-4172-92e6-2272db7009ab - gold__embeddings__gold_embeddings -    ✓ 5152/6686 chunks embedded
2026-06-09 06:37:29 +0000 - dagster - INFO - __ASSET_JOB - 5fbd49cf-7ad1-4172-92e6-2272db7009ab - gold__embeddings__gold_embeddings -    ✓ 5184/6686 chunks embedded
2026-06-09 06:37:39 +0000 - dagster - INFO - __ASSET_JOB - 5fbd49cf-7ad1-4172-92e6-2272db7009ab - gold__embeddings__gold_embeddings -    ✓ 5216/6686 chunks embedded
2026-06-09 06:37:50 +0000 - dagster - INFO - __ASSET_JOB - 5fbd49cf-7ad1-4172-92e6-2272db7009ab - gold__embeddings__gold_embeddings -    ✓ 5248/6686 chunks embedded
2026-06-09 06:38:00 +0000 - dagster - INFO - __ASSET_JOB - 5fbd49cf-7ad1-4172-92e6-2272db7009ab - gold__embeddings__gold_embeddings -    ✓ 5280/6686 chunks embedded
2026-06-09 06:38:11 +0000 - dagster - INFO - __ASSET_JOB - 5fbd49cf-7ad1-4172-92e6-2272db7009ab - gold__embeddings__gold_embeddings -    ✓ 5312/6686 chunks embedded
2026-06-09 06:38:20 +0000 - dagster - INFO - __ASSET_JOB - 5fbd49cf-7ad1-4172-92e6-2272db7009ab - gold__embeddings__gold_embeddings -    ✓ 5344/6686 chunks embedded
2026-06-09 06:38:30 +0000 - dagster - INFO - __ASSET_JOB - 5fbd49cf-7ad1-4172-92e6-2272db7009ab - gold__embeddings__gold_embeddings -    ✓ 5376/6686 chunks embedded
2026-06-09 06:38:40 +0000 - dagster - INFO - __ASSET_JOB - 5fbd49cf-7ad1-4172-92e6-2272db7009ab - gold__embeddings__gold_embeddings -    ✓ 5408/6686 chunks embedded
2026-06-09 06:47:33 +0000 - dagster - INFO - __ASSET_JOB - 5fbd49cf-7ad1-4172-92e6-2272db7009ab - gold__embeddings__gold_embeddings -    ✓ 5440/6686 chunks embedded
2026-06-09 06:47:39 +0000 - dagster - INFO - __ASSET_JOB - 5fbd49cf-7ad1-4172-92e6-2272db7009ab - gold__embeddings__gold_embeddings -    ✓ 5472/6686 chunks embedded
2026-06-09 06:47:46 +0000 - dagster - INFO - __ASSET_JOB - 5fbd49cf-7ad1-4172-92e6-2272db7009ab - gold__embeddings__gold_embeddings -    ✓ 5504/6686 chunks embedded
2026-06-09 06:47:55 +0000 - dagster - INFO - __ASSET_JOB - 5fbd49cf-7ad1-4172-92e6-2272db7009ab - gold__embeddings__gold_embeddings -    ✓ 5536/6686 chunks embedded
2026-06-09 06:48:04 +0000 - dagster - INFO - __ASSET_JOB - 5fbd49cf-7ad1-4172-92e6-2272db7009ab - gold__embeddings__gold_embeddings -    ✓ 5568/6686 chunks embedded
2026-06-09 06:48:13 +0000 - dagster - INFO - __ASSET_JOB - 5fbd49cf-7ad1-4172-92e6-2272db7009ab - gold__embeddings__gold_embeddings -    ✓ 5600/6686 chunks embedded
2026-06-09 06:48:22 +0000 - dagster - INFO - __ASSET_JOB - 5fbd49cf-7ad1-4172-92e6-2272db7009ab - gold__embeddings__gold_embeddings -    ✓ 5632/6686 chunks embedded
2026-06-09 06:48:30 +0000 - dagster - INFO - __ASSET_JOB - 5fbd49cf-7ad1-4172-92e6-2272db7009ab - gold__embeddings__gold_embeddings -    ✓ 5664/6686 chunks embedded
2026-06-09 06:48:39 +0000 - dagster - INFO - __ASSET_JOB - 5fbd49cf-7ad1-4172-92e6-2272db7009ab - gold__embeddings__gold_embeddings -    ✓ 5696/6686 chunks embedded
2026-06-09 06:48:48 +0000 - dagster - INFO - __ASSET_JOB - 5fbd49cf-7ad1-4172-92e6-2272db7009ab - gold__embeddings__gold_embeddings -    ✓ 5728/6686 chunks embedded
2026-06-09 06:48:57 +0000 - dagster - INFO - __ASSET_JOB - 5fbd49cf-7ad1-4172-92e6-2272db7009ab - gold__embeddings__gold_embeddings -    ✓ 5760/6686 chunks embedded
2026-06-09 06:49:06 +0000 - dagster - INFO - __ASSET_JOB - 5fbd49cf-7ad1-4172-92e6-2272db7009ab - gold__embeddings__gold_embeddings -    ✓ 5792/6686 chunks embedded
2026-06-09 06:49:14 +0000 - dagster - INFO - __ASSET_JOB - 5fbd49cf-7ad1-4172-92e6-2272db7009ab - gold__embeddings__gold_embeddings -    ✓ 5824/6686 chunks embedded
2026-06-09 06:49:23 +0000 - dagster - INFO - __ASSET_JOB - 5fbd49cf-7ad1-4172-92e6-2272db7009ab - gold__embeddings__gold_embeddings -    ✓ 5856/6686 chunks embedded
2026-06-09 06:49:32 +0000 - dagster - INFO - __ASSET_JOB - 5fbd49cf-7ad1-4172-92e6-2272db7009ab - gold__embeddings__gold_embeddings -    ✓ 5888/6686 chunks embedded
2026-06-09 06:49:41 +0000 - dagster - INFO - __ASSET_JOB - 5fbd49cf-7ad1-4172-92e6-2272db7009ab - gold__embeddings__gold_embeddings -    ✓ 5920/6686 chunks embedded
2026-06-09 06:49:50 +0000 - dagster - INFO - __ASSET_JOB - 5fbd49cf-7ad1-4172-92e6-2272db7009ab - gold__embeddings__gold_embeddings -    ✓ 5952/6686 chunks embedded
2026-06-09 06:49:59 +0000 - dagster - INFO - __ASSET_JOB - 5fbd49cf-7ad1-4172-92e6-2272db7009ab - gold__embeddings__gold_embeddings -    ✓ 5984/6686 chunks embedded
2026-06-09 06:50:08 +0000 - dagster - INFO - __ASSET_JOB - 5fbd49cf-7ad1-4172-92e6-2272db7009ab - gold__embeddings__gold_embeddings -    ✓ 6016/6686 chunks embedded
2026-06-09 06:50:17 +0000 - dagster - INFO - __ASSET_JOB - 5fbd49cf-7ad1-4172-92e6-2272db7009ab - gold__embeddings__gold_embeddings -    ✓ 6048/6686 chunks embedded
2026-06-09 06:50:26 +0000 - dagster - INFO - __ASSET_JOB - 5fbd49cf-7ad1-4172-92e6-2272db7009ab - gold__embeddings__gold_embeddings -    ✓ 6080/6686 chunks embedded
2026-06-09 06:50:36 +0000 - dagster - INFO - __ASSET_JOB - 5fbd49cf-7ad1-4172-92e6-2272db7009ab - gold__embeddings__gold_embeddings -    ✓ 6112/6686 chunks embedded
2026-06-09 06:50:45 +0000 - dagster - INFO - __ASSET_JOB - 5fbd49cf-7ad1-4172-92e6-2272db7009ab - gold__embeddings__gold_embeddings -    ✓ 6144/6686 chunks embedded
2026-06-09 06:50:54 +0000 - dagster - INFO - __ASSET_JOB - 5fbd49cf-7ad1-4172-92e6-2272db7009ab - gold__embeddings__gold_embeddings -    ✓ 6176/6686 chunks embedded
2026-06-09 06:51:03 +0000 - dagster - INFO - __ASSET_JOB - 5fbd49cf-7ad1-4172-92e6-2272db7009ab - gold__embeddings__gold_embeddings -    ✓ 6208/6686 chunks embedded
2026-06-09 06:51:12 +0000 - dagster - INFO - __ASSET_JOB - 5fbd49cf-7ad1-4172-92e6-2272db7009ab - gold__embeddings__gold_embeddings -    ✓ 6240/6686 chunks embedded
2026-06-09 06:51:21 +0000 - dagster - INFO - __ASSET_JOB - 5fbd49cf-7ad1-4172-92e6-2272db7009ab - gold__embeddings__gold_embeddings -    ✓ 6272/6686 chunks embedded
2026-06-09 06:51:30 +0000 - dagster - INFO - __ASSET_JOB - 5fbd49cf-7ad1-4172-92e6-2272db7009ab - gold__embeddings__gold_embeddings -    ✓ 6304/6686 chunks embedded
2026-06-09 06:51:41 +0000 - dagster - INFO - __ASSET_JOB - 5fbd49cf-7ad1-4172-92e6-2272db7009ab - gold__embeddings__gold_embeddings -    ✓ 6336/6686 chunks embedded
2026-06-09 06:51:51 +0000 - dagster - INFO - __ASSET_JOB - 5fbd49cf-7ad1-4172-92e6-2272db7009ab - gold__embeddings__gold_embeddings -    ✓ 6368/6686 chunks embedded
2026-06-09 06:52:01 +0000 - dagster - INFO - __ASSET_JOB - 5fbd49cf-7ad1-4172-92e6-2272db7009ab - gold__embeddings__gold_embeddings -    ✓ 6400/6686 chunks embedded
2026-06-09 06:52:10 +0000 - dagster - INFO - __ASSET_JOB - 5fbd49cf-7ad1-4172-92e6-2272db7009ab - gold__embeddings__gold_embeddings -    ✓ 6432/6686 chunks embedded
2026-06-09 06:52:20 +0000 - dagster - INFO - __ASSET_JOB - 5fbd49cf-7ad1-4172-92e6-2272db7009ab - gold__embeddings__gold_embeddings -    ✓ 6464/6686 chunks embedded
2026-06-09 06:52:30 +0000 - dagster - INFO - __ASSET_JOB - 5fbd49cf-7ad1-4172-92e6-2272db7009ab - gold__embeddings__gold_embeddings -    ✓ 6496/6686 chunks embedded
2026-06-09 06:52:39 +0000 - dagster - INFO - __ASSET_JOB - 5fbd49cf-7ad1-4172-92e6-2272db7009ab - gold__embeddings__gold_embeddings -    ✓ 6528/6686 chunks embedded
2026-06-09 06:52:48 +0000 - dagster - INFO - __ASSET_JOB - 5fbd49cf-7ad1-4172-92e6-2272db7009ab - gold__embeddings__gold_embeddings -    ✓ 6560/6686 chunks embedded
2026-06-09 06:52:57 +0000 - dagster - INFO - __ASSET_JOB - 5fbd49cf-7ad1-4172-92e6-2272db7009ab - gold__embeddings__gold_embeddings -    ✓ 6592/6686 chunks embedded
2026-06-09 06:55:15 +0000 - dagster - INFO - __ASSET_JOB - 5fbd49cf-7ad1-4172-92e6-2272db7009ab - gold__embeddings__gold_embeddings -    ✓ 6624/6686 chunks embedded
2026-06-09 06:55:25 +0000 - dagster - INFO - __ASSET_JOB - 5fbd49cf-7ad1-4172-92e6-2272db7009ab - gold__embeddings__gold_embeddings -    ✓ 6656/6686 chunks embedded
2026-06-09 06:55:34 +0000 - dagster - INFO - __ASSET_JOB - 5fbd49cf-7ad1-4172-92e6-2272db7009ab - gold__embeddings__gold_embeddings -    ✓ 6686/6686 chunks embedded
2026-06-09 06:55:34 +0000 - dagster - INFO - __ASSET_JOB - 5fbd49cf-7ad1-4172-92e6-2272db7009ab - gold__embeddings__gold_embeddings - ✅ Hoàn thành! Tổng ChromaDB: 16566 vectors
2026-06-09 06:55:34 +0000 - dagster - DEBUG - __ASSET_JOB - 5fbd49cf-7ad1-4172-92e6-2272db7009ab - 245 - gold__embeddings__gold_embeddings - STEP_OUTPUT - Yielded output "result" of type "Any". (Type check passed).
2026-06-09 06:55:34 +0000 - dagster - DEBUG - __ASSET_JOB - 5fbd49cf-7ad1-4172-92e6-2272db7009ab - gold__embeddings__gold_embeddings - Writing file at: /opt/dagster/dagster_home/local_artifact_storage/storage/gold/embeddings/gold_embeddings using PickledObjectFilesystemIOManager...
2026-06-09 06:55:34 +0000 - dagster - DEBUG - __ASSET_JOB - 5fbd49cf-7ad1-4172-92e6-2272db7009ab - 245 - gold__embeddings__gold_embeddings - ASSET_MATERIALIZATION - Materialized value gold embeddings gold_embeddings.
2026-06-09 06:55:34 +0000 - dagster - DEBUG - __ASSET_JOB - 5fbd49cf-7ad1-4172-92e6-2272db7009ab - 245 - gold__embeddings__gold_embeddings - HANDLED_OUTPUT - Handled output "result" using IO manager "io_manager"
2026-06-09 06:55:34 +0000 - dagster - DEBUG - __ASSET_JOB - 5fbd49cf-7ad1-4172-92e6-2272db7009ab - 245 - gold__embeddings__gold_embeddings - STEP_SUCCESS - Finished execution of step "gold__embeddings__gold_embeddings" in 35m50s.
